           :-) GROMACS - gmx mdrun, 2023.3-Ubuntu_2023.3_1ubuntu3 (-:

Copyright 1991-2023 The GROMACS Authors.
GROMACS is free software; you can redistribute it and/or modify it
under the terms of the GNU Lesser General Public License
as published by the Free Software Foundation; either version 2.1
of the License, or (at your option) any later version.

                         Current GROMACS contributors:
       Mark Abraham           Andrey Alekseenko           Cathrine Bergh      
      Christian Blau            Eliane Briand             Mahesh Doijade      
    Stefan Fleischmann           Vytas Gapsys              Gaurav Garg        
      Sergey Gorelov         Gilles Gouaillardet            Alan Gray         
     M. Eric Irrgang         Farzaneh Jalalypour            Joe Jordan        
    Christoph Junghans        Prashanth Kanduri          Sebastian Keller     
     Carsten Kutzner           Justin A. Lemkul          Magnus Lundborg      
       Pascal Merz              Vedran Miletic            Dmitry Morozov      
       Szilard Pall             Roland Schulz             Michael Shirts      
     Alexey Shvetsov            Balint Soproni         David van der Spoel    
      Philip Turner             Carsten Uphoff           Alessandra Villa     
 Sebastian Wingbermuehle        Artem Zhmurov       

                         Previous GROMACS contributors:
        Emile Apol             Rossen Apostolov           James Barnett       
  Herman J.C. Berendsen          Par Bjelkmar           Viacheslav Bolnykh    
        Kevin Boyd            Aldert van Buuren          Carlo Camilloni      
     Rudi van Drunen            Anton Feenstra           Oliver Fleetwood     
     Gerrit Groenhof            Bert de Groot             Anca Hamuraru       
    Vincent Hindriksen          Victor Holanda           Aleksei Iupinov      
   Dimitrios Karkoulis           Peter Kasson             Sebastian Kehl      
        Jiri Kraus               Per Larsson              Viveca Lindahl      
      Erik Marklund           Pieter Meulenhoff           Teemu Murtola       
       Sander Pronk             Alfons Sijbers            Peter Tieleman      
       Jon Vincent             Teemu Virolainen         Christian Wennberg    
       Maarten Wolf       

                  Coordinated by the GROMACS project leaders:
                    Paul Bauer, Berk Hess, and Erik Lindahl

GROMACS:      gmx mdrun, version 2023.3-Ubuntu_2023.3_1ubuntu3
Executable:   /usr/bin/gmx
Data prefix:  /usr
Working dir:  /workspace
Process ID:   8102
Command line:
  gmx mdrun -v -s /workspace/simulations/6M03/3_nvt/posre_constante/1000/topol.tpr -deffnm /workspace/simulations/6M03/3_nvt/posre_constante/1000/nvt

GROMACS version:    2023.3-Ubuntu_2023.3_1ubuntu3
Precision:          mixed
Memory model:       64 bit
MPI library:        thread_mpi
OpenMP support:     enabled (GMX_OPENMP_MAX_THREADS = 128)
GPU support:        disabled
SIMD instructions:  SSE4.1
CPU FFT library:    fftw-3.3.10-sse2-avx
GPU FFT library:    none
Multi-GPU FFT:      none
RDTSCP usage:       enabled
TNG support:        enabled
Hwloc support:      hwloc-2.8.0
Tracing support:    disabled
C compiler:         /usr/bin/cc GNU 13.2.0
C compiler flags:   -fexcess-precision=fast -funroll-all-loops -msse4.1 -Wno-missing-field-initializers -O3 -DNDEBUG
C++ compiler:       /usr/bin/c++ GNU 13.2.0
C++ compiler flags: -fexcess-precision=fast -funroll-all-loops -msse4.1 -Wno-missing-field-initializers -Wno-cast-function-type-strict SHELL:-fopenmp -O3 -DNDEBUG
BLAS library:       External - detected on the system
LAPACK library:     External - detected on the system


Running on 1 node with total 4 cores, 4 processing units
Hardware detected on host cursor:
  CPU info:
    Vendor: Intel
    Brand:  Intel(R) Xeon(R) Processor
    Family: 6   Model: 207   Stepping: 2
    Features: aes apic avx avx2 avx512f avx512cd avx512bw avx512vl avx512bf16 avx512secondFMA clfsh cmov cx8 cx16 f16c fma intel lahf mmx msr nonstop_tsc pcid pclmuldq pdpe1gb popcnt pse rdrnd rdtscp sha sse2 sse3 sse4.1 sse4.2 ssse3 tdt x2apic
    Number of AVX-512 FMA units: Cannot run AVX-512 detection - assuming 2
  Hardware topology: Full
    Packages, cores, and logical processors:
    [indices refer to OS logical processors]
      Package  0: [   0] [   1] [   2] [   3]
    CPU limit set by OS: -1   Recommended max number of threads: 4
    Numa nodes:
      Node  0 (16791945216 bytes mem):   0   1   2   3
      Latency:
               0
         0  1.00
    Caches:
      L1: 49152 bytes, linesize 64 bytes, assoc. 12, shared 1 ways
      L2: 2097152 bytes, linesize 64 bytes, assoc. 16, shared 1 ways
      L3: 335544320 bytes, linesize 64 bytes, assoc. 20, shared 4 ways

Likely fastest SIMD instructions supported by all nodes: AVX_512
SIMD instructions selected at compile time:              SSE4.1


++++ PLEASE READ AND CITE THE FOLLOWING REFERENCE ++++
M. J. Abraham, T. Murtola, R. Schulz, S. Páll, J. C. Smith, B. Hess, E.
Lindahl
GROMACS: High performance molecular simulations through multi-level
parallelism from laptops to supercomputers
SoftwareX 1 (2015) pp. 19-25
-------- -------- --- Thank You --- -------- --------


++++ PLEASE READ AND CITE THE FOLLOWING REFERENCE ++++
S. Páll, M. J. Abraham, C. Kutzner, B. Hess, E. Lindahl
Tackling Exascale Software Challenges in Molecular Dynamics Simulations with
GROMACS
In S. Markidis & E. Laure (Eds.), Solving Software Challenges for Exascale 8759 (2015) pp. 3-27
-------- -------- --- Thank You --- -------- --------


++++ PLEASE READ AND CITE THE FOLLOWING REFERENCE ++++
S. Pronk, S. Páll, R. Schulz, P. Larsson, P. Bjelkmar, R. Apostolov, M. R.
Shirts, J. C. Smith, P. M. Kasson, D. van der Spoel, B. Hess, and E. Lindahl
GROMACS 4.5: a high-throughput and highly parallel open source molecular
simulation toolkit
Bioinformatics 29 (2013) pp. 845-54
-------- -------- --- Thank You --- -------- --------


++++ PLEASE READ AND CITE THE FOLLOWING REFERENCE ++++
B. Hess and C. Kutzner and D. van der Spoel and E. Lindahl
GROMACS 4: Algorithms for highly efficient, load-balanced, and scalable
molecular simulation
J. Chem. Theory Comput. 4 (2008) pp. 435-447
-------- -------- --- Thank You --- -------- --------


++++ PLEASE READ AND CITE THE FOLLOWING REFERENCE ++++
D. van der Spoel, E. Lindahl, B. Hess, G. Groenhof, A. E. Mark and H. J. C.
Berendsen
GROMACS: Fast, Flexible and Free
J. Comp. Chem. 26 (2005) pp. 1701-1719
-------- -------- --- Thank You --- -------- --------


++++ PLEASE READ AND CITE THE FOLLOWING REFERENCE ++++
E. Lindahl and B. Hess and D. van der Spoel
GROMACS 3.0: A package for molecular simulation and trajectory analysis
J. Mol. Mod. 7 (2001) pp. 306-317
-------- -------- --- Thank You --- -------- --------


++++ PLEASE READ AND CITE THE FOLLOWING REFERENCE ++++
H. J. C. Berendsen, D. van der Spoel and R. van Drunen
GROMACS: A message-passing parallel molecular dynamics implementation
Comp. Phys. Comm. 91 (1995) pp. 43-56
-------- -------- --- Thank You --- -------- --------

Input Parameters:
   integrator                     = md
   tinit                          = 0
   dt                             = 0.002
   nsteps                         = 50000
   init-step                      = 0
   simulation-part                = 1
   mts                            = false
   comm-mode                      = Linear
   nstcomm                        = 100
   bd-fric                        = 0
   ld-seed                        = -1141934513
   emtol                          = 10
   emstep                         = 0.01
   niter                          = 20
   fcstep                         = 0
   nstcgsteep                     = 1000
   nbfgscorr                      = 10
   rtpi                           = 0.05
   nstxout                        = 500
   nstvout                        = 500
   nstfout                        = 0
   nstlog                         = 500
   nstcalcenergy                  = 100
   nstenergy                      = 500
   nstxout-compressed             = 0
   compressed-x-precision         = 1000
   cutoff-scheme                  = Verlet
   nstlist                        = 10
   pbc                            = xyz
   periodic-molecules             = false
   verlet-buffer-tolerance        = 0.005
   rlist                          = 1.001
   coulombtype                    = PME
   coulomb-modifier               = Potential-shift
   rcoulomb-switch                = 0
   rcoulomb                       = 1
   epsilon-r                      = 1
   epsilon-rf                     = inf
   vdw-type                       = Cut-off
   vdw-modifier                   = Potential-shift
   rvdw-switch                    = 0
   rvdw                           = 1
   DispCorr                       = EnerPres
   table-extension                = 1
   fourierspacing                 = 0.16
   fourier-nx                     = 64
   fourier-ny                     = 64
   fourier-nz                     = 64
   pme-order                      = 4
   ewald-rtol                     = 1e-05
   ewald-rtol-lj                  = 0.001
   lj-pme-comb-rule               = Geometric
   ewald-geometry                 = 3d
   epsilon-surface                = 0
   ensemble-temperature-setting   = constant
   ensemble-temperature           = 310
   tcoupl                         = V-rescale
   nsttcouple                     = 10
   nh-chain-length                = 0
   print-nose-hoover-chain-variables = false
   pcoupl                         = No
   pcoupltype                     = Isotropic
   nstpcouple                     = -1
   tau-p                          = 1
   compressibility (3x3):
      compressibility[    0]={ 0.00000e+00,  0.00000e+00,  0.00000e+00}
      compressibility[    1]={ 0.00000e+00,  0.00000e+00,  0.00000e+00}
      compressibility[    2]={ 0.00000e+00,  0.00000e+00,  0.00000e+00}
   ref-p (3x3):
      ref-p[    0]={ 0.00000e+00,  0.00000e+00,  0.00000e+00}
      ref-p[    1]={ 0.00000e+00,  0.00000e+00,  0.00000e+00}
      ref-p[    2]={ 0.00000e+00,  0.00000e+00,  0.00000e+00}
   refcoord-scaling               = No
   posres-com (3):
      posres-com[0]= 0.00000e+00
      posres-com[1]= 0.00000e+00
      posres-com[2]= 0.00000e+00
   posres-comB (3):
      posres-comB[0]= 0.00000e+00
      posres-comB[1]= 0.00000e+00
      posres-comB[2]= 0.00000e+00
   QMMM                           = false
qm-opts:
   ngQM                           = 0
   constraint-algorithm           = Lincs
   continuation                   = false
   Shake-SOR                      = false
   shake-tol                      = 0.0001
   lincs-order                    = 4
   lincs-iter                     = 1
   lincs-warnangle                = 30
   nwall                          = 0
   wall-type                      = 9-3
   wall-r-linpot                  = -1
   wall-atomtype[0]               = -1
   wall-atomtype[1]               = -1
   wall-density[0]                = 0
   wall-density[1]                = 0
   wall-ewald-zfac                = 3
   pull                           = false
   awh                            = false
   rotation                       = false
   interactiveMD                  = false
   disre                          = No
   disre-weighting                = Conservative
   disre-mixed                    = false
   dr-fc                          = 1000
   dr-tau                         = 0
   nstdisreout                    = 100
   orire-fc                       = 0
   orire-tau                      = 0
   nstorireout                    = 100
   free-energy                    = no
   cos-acceleration               = 0
   deform (3x3):
      deform[    0]={ 0.00000e+00,  0.00000e+00,  0.00000e+00}
      deform[    1]={ 0.00000e+00,  0.00000e+00,  0.00000e+00}
      deform[    2]={ 0.00000e+00,  0.00000e+00,  0.00000e+00}
   simulated-tempering            = false
   swapcoords                     = no
   userint1                       = 0
   userint2                       = 0
   userint3                       = 0
   userint4                       = 0
   userreal1                      = 0
   userreal2                      = 0
   userreal3                      = 0
   userreal4                      = 0
   applied-forces:
     electric-field:
       x:
         E0                       = 0
         omega                    = 0
         t0                       = 0
         sigma                    = 0
       y:
         E0                       = 0
         omega                    = 0
         t0                       = 0
         sigma                    = 0
       z:
         E0                       = 0
         omega                    = 0
         t0                       = 0
         sigma                    = 0
     density-guided-simulation:
       active                     = false
       group                      = protein
       similarity-measure         = inner-product
       atom-spreading-weight      = unity
       force-constant             = 1e+09
       gaussian-transform-spreading-width = 0.2
       gaussian-transform-spreading-range-in-multiples-of-width = 4
       reference-density-filename = reference.mrc
       nst                        = 1
       normalize-densities        = true
       adaptive-force-scaling     = false
       adaptive-force-scaling-time-constant = 4
       shift-vector               = 
       transformation-matrix      = 
     qmmm-cp2k:
       active                     = false
       qmgroup                    = System
       qmmethod                   = PBE
       qmfilenames                = 
       qmcharge                   = 0
       qmmultiplicity             = 1
grpopts:
   nrdf:     11731.7      127641
   ref-t:         310         310
   tau-t:         0.1         0.1
annealing:          No          No
annealing-npoints:           0           0
   acc:	           0           0           0
   nfreeze:           N           N           N
   energygrp-flags[  0]: 0

Changing nstlist from 10 to 40, rlist from 1.001 to 1.103


Initializing Domain Decomposition on 1 ranks
Dynamic load balancing: auto
Using update groups, nr 23855, average size 2.9 atoms, max. radius 0.104 nm
Minimum cell size due to atom displacement: 0.358 nm
Initial maximum distances in bonded interactions:
    two-body bonded interactions: 0.422 nm, LJ-14, atoms 4213 4221
  multi-body bonded interactions: 0.422 nm, Proper Dih., atoms 4213 4221
Minimum cell size due to bonded interactions: 0.464 nm
Using 0 separate PME ranks because: there are too few total ranks for efficient splitting
Optimizing the DD grid for 1 cells with a minimum initial size of 0.464 nm
The maximum allowed number of cells is: X 17 Y 17 Z 15
Domain decomposition grid 1 x 1 x 1, separate PME ranks 0
PME domain decomposition: 1 x 1 x 1

The initial number of communication pulses is:
The initial domain decomposition cell size is:

The maximum allowed distance for atom groups involved in interactions is:
                 non-bonded interactions           1.311 nm
            two-body bonded interactions  (-rdd)   1.311 nm
          multi-body bonded interactions  (-rdd)   1.311 nm

When dynamic load balancing gets turned on, these settings will change to:
The maximum number of communication pulses is:
The minimum size for domain decomposition cells is 1.311 nm
The requested allowed shrink of DD cells (option -dds) is: 0.80
The allowed shrink of domain decomposition cells is:
The maximum allowed distance for atom groups involved in interactions is:
                 non-bonded interactions           1.311 nm
            two-body bonded interactions  (-rdd)   1.311 nm
          multi-body bonded interactions  (-rdd)   1.311 nm

Using 1 MPI thread
Using 4 OpenMP threads 

System total charge: 0.000
Will do PME sum in reciprocal space for electrostatic interactions.

++++ PLEASE READ AND CITE THE FOLLOWING REFERENCE ++++
U. Essmann, L. Perera, M. L. Berkowitz, T. Darden, H. Lee and L. G. Pedersen 
A smooth particle mesh Ewald method
J. Chem. Phys. 103 (1995) pp. 8577-8592
-------- -------- --- Thank You --- -------- --------

Using a Gaussian width (1/beta) of 0.320163 nm for Ewald
Potential shift: LJ r^-12: -1.000e+00 r^-6: -1.000e+00, Ewald -1.000e-05
Initialized non-bonded Coulomb Ewald tables, spacing: 9.33e-04 size: 1073

Generated table with 1051 data points for 1-4 COUL.
Tabscale = 500 points/nm
Generated table with 1051 data points for 1-4 LJ6.
Tabscale = 500 points/nm
Generated table with 1051 data points for 1-4 LJ12.
Tabscale = 500 points/nm
Long Range LJ corr.: <C6> 3.1843e-04


Using SIMD 4x4 nonbonded short-range kernels

Using a dual 4x4 pair-list setup updated with dynamic pruning:
  outer list: updated every 40 steps, buffer 0.103 nm, rlist 1.103 nm
  inner list: updated every 10 steps, buffer 0.001 nm, rlist 1.001 nm
At tolerance 0.005 kJ/mol/ps per atom, equivalent classical 1x1 list would be:
  outer list: updated every 40 steps, buffer 0.217 nm, rlist 1.217 nm
  inner list: updated every 10 steps, buffer 0.039 nm, rlist 1.039 nm

The non-bonded pair calculation algorithm tolerates a few missing pair interactions close to the cut-off. This can lead to a systematic overestimation of the pressure due to missing LJ interactions. The error in the average pressure due to missing LJ interactions is at most 0.61 bar.
The pressure error can be controlled by setting the environment variable GMX_VERLET_BUFFER_PRESSURE_TOLERANCE to the allowed error in units of bar.

Using Lorentz-Berthelot Lennard-Jones combination rule
Removing pbc first time

Linking all bonded interactions to atoms


Pinning threads with an auto-selected logical cpu stride of 1

Initializing LINear Constraint Solver

++++ PLEASE READ AND CITE THE FOLLOWING REFERENCE ++++
B. Hess and H. Bekker and H. J. C. Berendsen and J. G. E. M. Fraaije
LINCS: A Linear Constraint Solver for molecular simulations
J. Comp. Chem. 18 (1997) pp. 1463-1472
-------- -------- --- Thank You --- -------- --------

The number of constraints is 2314

++++ PLEASE READ AND CITE THE FOLLOWING REFERENCE ++++
S. Miyamoto and P. A. Kollman
SETTLE: An Analytical Version of the SHAKE and RATTLE Algorithms for Rigid
Water Models
J. Comp. Chem. 13 (1992) pp. 952-962
-------- -------- --- Thank You --- -------- --------


++++ PLEASE READ AND CITE THE FOLLOWING REFERENCE ++++
G. Bussi, D. Donadio and M. Parrinello
Canonical sampling through velocity rescaling
J. Chem. Phys. 126 (2007) pp. 014101
-------- -------- --- Thank You --- -------- --------

There are: 68291 Atoms
Atom distribution over 1 domains: av 68291 stddev 0 min 68291 max 68291

Constraining the starting coordinates (step 0)

Constraining the coordinates at t0-dt (step 0)
Center of mass motion removal mode is Linear
We have the following groups for center of mass motion removal:
  0:  rest
RMS relative constraint deviation after constraining: 3.61e-06
Initial temperature: 310.308 K

Started mdrun on rank 0 Mon Aug 31 17:19:02 2026

           Step           Time
              0        0.00000

   Energies (kJ/mol)
           Bond          Angle    Proper Dih. Per. Imp. Dih.          LJ-14
    6.75945e+02    2.59476e+03    1.10197e+04    1.70274e+02    4.13250e+03
     Coulomb-14        LJ (SR)  Disper. corr.   Coulomb (SR)   Coul. recip.
    5.12375e+04    1.54897e+05   -8.87110e+03   -1.42715e+06    9.49456e+03
 Position Rest.      Potential    Kinetic En.   Total Energy  Conserved En.
    1.80611e-03   -1.20180e+06    1.79818e+05   -1.02198e+06   -1.02198e+06
    Temperature Pres. DC (bar) Pressure (bar)   Constr. rmsd
    3.10350e+02   -2.10590e+02   -3.90635e+03    3.58877e-06

           Step           Time
            500        1.00000

   Energies (kJ/mol)
           Bond          Angle    Proper Dih. Per. Imp. Dih.          LJ-14
    3.54646e+03    9.90025e+03    1.23860e+04    5.90029e+02    4.64557e+03
     Coulomb-14        LJ (SR)  Disper. corr.   Coulomb (SR)   Coul. recip.
    5.06459e+04    1.34748e+05   -8.87110e+03   -1.24520e+06    7.84514e+03
 Position Rest.      Potential    Kinetic En.   Total Energy  Conserved En.
    1.25723e+03   -1.02850e+06    1.77828e+05   -8.50675e+05   -1.02036e+06
    Temperature Pres. DC (bar) Pressure (bar)   Constr. rmsd
    3.06915e+02   -2.10590e+02   -1.47642e+02    3.44020e-06

           Step           Time
           1000        2.00000

   Energies (kJ/mol)
           Bond          Angle    Proper Dih. Per. Imp. Dih.          LJ-14
    3.57175e+03    9.71999e+03    1.24143e+04    6.42396e+02    4.69607e+03
     Coulomb-14        LJ (SR)  Disper. corr.   Coulomb (SR)   Coul. recip.
    5.09412e+04    1.30452e+05   -8.87110e+03   -1.23544e+06    7.81442e+03
 Position Rest.      Potential    Kinetic En.   Total Energy  Conserved En.
    1.23388e+03   -1.02283e+06    1.79481e+05   -8.43348e+05   -1.02036e+06
    Temperature Pres. DC (bar) Pressure (bar)   Constr. rmsd
    3.09768e+02   -2.10590e+02   -6.88607e+01    3.87924e-06

           Step           Time
           1500        3.00000

   Energies (kJ/mol)
           Bond          Angle    Proper Dih. Per. Imp. Dih.          LJ-14
    3.44730e+03    9.87705e+03    1.23600e+04    6.00703e+02    4.69114e+03
     Coulomb-14        LJ (SR)  Disper. corr.   Coulomb (SR)   Coul. recip.
    5.12129e+04    1.29032e+05   -8.87110e+03   -1.23536e+06    7.76481e+03
 Position Rest.      Potential    Kinetic En.   Total Energy  Conserved En.
    1.17452e+03   -1.02407e+06    1.79670e+05   -8.44402e+05   -1.02034e+06
    Temperature Pres. DC (bar) Pressure (bar)   Constr. rmsd
    3.10093e+02   -2.10590e+02   -1.81194e+02    3.70642e-06

           Step           Time
           2000        4.00000

   Energies (kJ/mol)
           Bond          Angle    Proper Dih. Per. Imp. Dih.          LJ-14
    3.44788e+03    9.80524e+03    1.25055e+04    6.10732e+02    4.71792e+03
     Coulomb-14        LJ (SR)  Disper. corr.   Coulomb (SR)   Coul. recip.
    5.11720e+04    1.29842e+05   -8.87110e+03   -1.23855e+06    7.97626e+03
 Position Rest.      Potential    Kinetic En.   Total Energy  Conserved En.
    1.15894e+03   -1.02618e+06    1.80730e+05   -8.45451e+05   -1.02033e+06
    Temperature Pres. DC (bar) Pressure (bar)   Constr. rmsd
    3.11922e+02   -2.10590e+02    4.38071e+01    3.91352e-06

           Step           Time
           2500        5.00000

   Energies (kJ/mol)
           Bond          Angle    Proper Dih. Per. Imp. Dih.          LJ-14
    3.62234e+03    9.71915e+03    1.22820e+04    6.34052e+02    4.61508e+03
     Coulomb-14        LJ (SR)  Disper. corr.   Coulomb (SR)   Coul. recip.
    5.10676e+04    1.30265e+05   -8.87110e+03   -1.23713e+06    7.97610e+03
 Position Rest.      Potential    Kinetic En.   Total Energy  Conserved En.
    1.23646e+03   -1.02458e+06    1.80615e+05   -8.43967e+05   -1.02033e+06
    Temperature Pres. DC (bar) Pressure (bar)   Constr. rmsd
    3.11724e+02   -2.10590e+02   -3.55619e+02    3.72175e-06

           Step           Time
           3000        6.00000

   Energies (kJ/mol)
           Bond          Angle    Proper Dih. Per. Imp. Dih.          LJ-14
    3.66451e+03    9.86495e+03    1.22191e+04    6.02134e+02    4.66356e+03
     Coulomb-14        LJ (SR)  Disper. corr.   Coulomb (SR)   Coul. recip.
    5.10583e+04    1.30713e+05   -8.87110e+03   -1.23679e+06    7.88350e+03
 Position Rest.      Potential    Kinetic En.   Total Energy  Conserved En.
    1.22900e+03   -1.02376e+06    1.78715e+05   -8.45048e+05   -1.02031e+06
    Temperature Pres. DC (bar) Pressure (bar)   Constr. rmsd
    3.08445e+02   -2.10590e+02    2.60393e+01    3.74128e-06

           Step           Time
           3500        7.00000

   Energies (kJ/mol)
           Bond          Angle    Proper Dih. Per. Imp. Dih.          LJ-14
    3.53030e+03    9.63582e+03    1.21824e+04    6.26411e+02    4.64776e+03
     Coulomb-14        LJ (SR)  Disper. corr.   Coulomb (SR)   Coul. recip.
    5.11686e+04    1.29758e+05   -8.87110e+03   -1.23856e+06    7.81766e+03
 Position Rest.      Potential    Kinetic En.   Total Energy  Conserved En.
    1.24317e+03   -1.02682e+06    1.79888e+05   -8.46931e+05   -1.02031e+06
    Temperature Pres. DC (bar) Pressure (bar)   Constr. rmsd
    3.10470e+02   -2.10590e+02   -1.26899e+01    3.40248e-06

           Step           Time
           4000        8.00000

   Energies (kJ/mol)
           Bond          Angle    Proper Dih. Per. Imp. Dih.          LJ-14
    3.43009e+03    9.47365e+03    1.22927e+04    5.78169e+02    4.68896e+03
     Coulomb-14        LJ (SR)  Disper. corr.   Coulomb (SR)   Coul. recip.
    5.11734e+04    1.29611e+05   -8.87110e+03   -1.23721e+06    7.91549e+03
 Position Rest.      Potential    Kinetic En.   Total Energy  Conserved En.
    1.17059e+03   -1.02575e+06    1.79000e+05   -8.46751e+05   -1.02031e+06
    Temperature Pres. DC (bar) Pressure (bar)   Constr. rmsd
    3.08937e+02   -2.10590e+02    5.51681e+01    3.61067e-06

           Step           Time
           4500        9.00000

   Energies (kJ/mol)
           Bond          Angle    Proper Dih. Per. Imp. Dih.          LJ-14
    3.55676e+03    9.79568e+03    1.22132e+04    5.90953e+02    4.68316e+03
     Coulomb-14        LJ (SR)  Disper. corr.   Coulomb (SR)   Coul. recip.
    5.13682e+04    1.30048e+05   -8.87110e+03   -1.23891e+06    7.90819e+03
 Position Rest.      Potential    Kinetic En.   Total Energy  Conserved En.
    1.24293e+03   -1.02638e+06    1.80474e+05   -8.45902e+05   -1.02025e+06
    Temperature Pres. DC (bar) Pressure (bar)   Constr. rmsd
    3.11480e+02   -2.10590e+02    1.76855e+02    3.65365e-06

           Step           Time
           5000       10.00000

   Energies (kJ/mol)
           Bond          Angle    Proper Dih. Per. Imp. Dih.          LJ-14
    3.56652e+03    9.79079e+03    1.24381e+04    6.17855e+02    4.73525e+03
     Coulomb-14        LJ (SR)  Disper. corr.   Coulomb (SR)   Coul. recip.
    5.14471e+04    1.28207e+05   -8.87110e+03   -1.23522e+06    7.90569e+03
 Position Rest.      Potential    Kinetic En.   Total Energy  Conserved En.
    1.18579e+03   -1.02420e+06    1.79914e+05   -8.44282e+05   -1.02027e+06
    Temperature Pres. DC (bar) Pressure (bar)   Constr. rmsd
    3.10514e+02   -2.10590e+02   -2.76503e+02    3.42321e-06

           Step           Time
           5500       11.00000

   Energies (kJ/mol)
           Bond          Angle    Proper Dih. Per. Imp. Dih.          LJ-14
    3.58035e+03    9.58322e+03    1.23083e+04    5.82882e+02    4.69034e+03
     Coulomb-14        LJ (SR)  Disper. corr.   Coulomb (SR)   Coul. recip.
    5.12063e+04    1.27601e+05   -8.87110e+03   -1.23345e+06    7.86951e+03
 Position Rest.      Potential    Kinetic En.   Total Energy  Conserved En.
    1.26067e+03   -1.02363e+06    1.81422e+05   -8.42212e+05   -1.02031e+06
    Temperature Pres. DC (bar) Pressure (bar)   Constr. rmsd
    3.13117e+02   -2.10590e+02   -1.95225e+02    3.78716e-06

           Step           Time
           6000       12.00000

   Energies (kJ/mol)
           Bond          Angle    Proper Dih. Per. Imp. Dih.          LJ-14
    3.62365e+03    9.64032e+03    1.22950e+04    5.68095e+02    4.65910e+03
     Coulomb-14        LJ (SR)  Disper. corr.   Coulomb (SR)   Coul. recip.
    5.12333e+04    1.30336e+05   -8.87110e+03   -1.24020e+06    7.77073e+03
 Position Rest.      Potential    Kinetic En.   Total Energy  Conserved En.
    1.20038e+03   -1.02774e+06    1.80455e+05   -8.47287e+05   -1.02025e+06
    Temperature Pres. DC (bar) Pressure (bar)   Constr. rmsd
    3.11448e+02   -2.10590e+02    3.19769e+02    3.52966e-06

           Step           Time
           6500       13.00000

   Energies (kJ/mol)
           Bond          Angle    Proper Dih. Per. Imp. Dih.          LJ-14
    3.50225e+03    9.71185e+03    1.20891e+04    6.29898e+02    4.62817e+03
     Coulomb-14        LJ (SR)  Disper. corr.   Coulomb (SR)   Coul. recip.
    5.12431e+04    1.30786e+05   -8.87110e+03   -1.24001e+06    7.89393e+03
 Position Rest.      Potential    Kinetic En.   Total Energy  Conserved En.
    1.12167e+03   -1.02727e+06    1.79453e+05   -8.47819e+05   -1.02023e+06
    Temperature Pres. DC (bar) Pressure (bar)   Constr. rmsd
    3.09720e+02   -2.10590e+02   -1.19707e+02    3.67713e-06

           Step           Time
           7000       14.00000

   Energies (kJ/mol)
           Bond          Angle    Proper Dih. Per. Imp. Dih.          LJ-14
    3.58257e+03    9.58832e+03    1.22622e+04    5.93932e+02    4.60110e+03
     Coulomb-14        LJ (SR)  Disper. corr.   Coulomb (SR)   Coul. recip.
    5.11172e+04    1.30663e+05   -8.87110e+03   -1.23844e+06    8.02233e+03
 Position Rest.      Potential    Kinetic En.   Total Energy  Conserved En.
    1.21180e+03   -1.02567e+06    1.79646e+05   -8.46025e+05   -1.02024e+06
    Temperature Pres. DC (bar) Pressure (bar)   Constr. rmsd
    3.10052e+02   -2.10590e+02   -2.48131e+02    3.59559e-06

           Step           Time
           7500       15.00000

   Energies (kJ/mol)
           Bond          Angle    Proper Dih. Per. Imp. Dih.          LJ-14
    3.72937e+03    1.00192e+04    1.22687e+04    6.48224e+02    4.53692e+03
     Coulomb-14        LJ (SR)  Disper. corr.   Coulomb (SR)   Coul. recip.
    5.08862e+04    1.29871e+05   -8.87110e+03   -1.23721e+06    7.94183e+03
 Position Rest.      Potential    Kinetic En.   Total Energy  Conserved En.
    1.15069e+03   -1.02503e+06    1.81119e+05   -8.43909e+05   -1.02026e+06
    Temperature Pres. DC (bar) Pressure (bar)   Constr. rmsd
    3.12594e+02   -2.10590e+02   -4.77878e+02    3.67788e-06

           Step           Time
           8000       16.00000

   Energies (kJ/mol)
           Bond          Angle    Proper Dih. Per. Imp. Dih.          LJ-14
    3.57774e+03    9.95038e+03    1.23075e+04    6.16888e+02    4.64087e+03
     Coulomb-14        LJ (SR)  Disper. corr.   Coulomb (SR)   Coul. recip.
    5.10389e+04    1.29694e+05   -8.87110e+03   -1.23684e+06    7.99770e+03
 Position Rest.      Potential    Kinetic En.   Total Energy  Conserved En.
    1.13689e+03   -1.02475e+06    1.79792e+05   -8.44956e+05   -1.02022e+06
    Temperature Pres. DC (bar) Pressure (bar)   Constr. rmsd
    3.10304e+02   -2.10590e+02    5.21958e+01    3.47416e-06

           Step           Time
           8500       17.00000

   Energies (kJ/mol)
           Bond          Angle    Proper Dih. Per. Imp. Dih.          LJ-14
    3.69356e+03    9.64596e+03    1.22208e+04    5.95753e+02    4.70619e+03
     Coulomb-14        LJ (SR)  Disper. corr.   Coulomb (SR)   Coul. recip.
    5.11309e+04    1.30508e+05   -8.87110e+03   -1.23874e+06    7.92732e+03
 Position Rest.      Potential    Kinetic En.   Total Energy  Conserved En.
    1.29647e+03   -1.02589e+06    1.78195e+05   -8.47692e+05   -1.02018e+06
    Temperature Pres. DC (bar) Pressure (bar)   Constr. rmsd
    3.07548e+02   -2.10590e+02    1.34678e+02    3.74702e-06

           Step           Time
           9000       18.00000

   Energies (kJ/mol)
           Bond          Angle    Proper Dih. Per. Imp. Dih.          LJ-14
    3.87778e+03    9.71193e+03    1.22071e+04    6.07004e+02    4.62674e+03
     Coulomb-14        LJ (SR)  Disper. corr.   Coulomb (SR)   Coul. recip.
    5.13296e+04    1.29571e+05   -8.87110e+03   -1.23706e+06    7.85749e+03
 Position Rest.      Potential    Kinetic En.   Total Energy  Conserved En.
    1.20810e+03   -1.02493e+06    1.79589e+05   -8.45343e+05   -1.02020e+06
    Temperature Pres. DC (bar) Pressure (bar)   Constr. rmsd
    3.09953e+02   -2.10590e+02   -7.14279e+02    3.54765e-06

           Step           Time
           9500       19.00000

   Energies (kJ/mol)
           Bond          Angle    Proper Dih. Per. Imp. Dih.          LJ-14
    3.73735e+03    9.79546e+03    1.23470e+04    6.71265e+02    4.67049e+03
     Coulomb-14        LJ (SR)  Disper. corr.   Coulomb (SR)   Coul. recip.
    5.10668e+04    1.28545e+05   -8.87110e+03   -1.23699e+06    7.88603e+03
 Position Rest.      Potential    Kinetic En.   Total Energy  Conserved En.
    1.25772e+03   -1.02588e+06    1.79030e+05   -8.46855e+05   -1.02018e+06
    Temperature Pres. DC (bar) Pressure (bar)   Constr. rmsd
    3.08989e+02   -2.10590e+02   -4.05218e+02    3.59225e-06

           Step           Time
          10000       20.00000

   Energies (kJ/mol)
           Bond          Angle    Proper Dih. Per. Imp. Dih.          LJ-14
    3.60191e+03    9.93434e+03    1.22008e+04    5.91093e+02    4.55289e+03
     Coulomb-14        LJ (SR)  Disper. corr.   Coulomb (SR)   Coul. recip.
    5.10893e+04    1.31357e+05   -8.87110e+03   -1.23987e+06    7.87103e+03
 Position Rest.      Potential    Kinetic En.   Total Energy  Conserved En.
    1.31874e+03   -1.02622e+06    1.80173e+05   -8.46045e+05   -1.02019e+06
    Temperature Pres. DC (bar) Pressure (bar)   Constr. rmsd
    3.10962e+02   -2.10590e+02   -2.70206e+02    3.73323e-06

           Step           Time
          10500       21.00000

   Energies (kJ/mol)
           Bond          Angle    Proper Dih. Per. Imp. Dih.          LJ-14
    3.69781e+03    9.68751e+03    1.21834e+04    6.15671e+02    4.79342e+03
     Coulomb-14        LJ (SR)  Disper. corr.   Coulomb (SR)   Coul. recip.
    5.14786e+04    1.28364e+05   -8.87110e+03   -1.23551e+06    7.85805e+03
 Position Rest.      Potential    Kinetic En.   Total Energy  Conserved En.
    1.22413e+03   -1.02448e+06    1.80728e+05   -8.43752e+05   -1.02018e+06
    Temperature Pres. DC (bar) Pressure (bar)   Constr. rmsd
    3.11919e+02   -2.10590e+02   -5.11694e+02    3.71311e-06

           Step           Time
          11000       22.00000

   Energies (kJ/mol)
           Bond          Angle    Proper Dih. Per. Imp. Dih.          LJ-14
    3.59384e+03    9.67533e+03    1.21873e+04    5.91868e+02    4.66732e+03
     Coulomb-14        LJ (SR)  Disper. corr.   Coulomb (SR)   Coul. recip.
    5.11168e+04    1.29420e+05   -8.87110e+03   -1.23617e+06    7.88905e+03
 Position Rest.      Potential    Kinetic En.   Total Energy  Conserved En.
    1.14705e+03   -1.02475e+06    1.80380e+05   -8.44375e+05   -1.02019e+06
    Temperature Pres. DC (bar) Pressure (bar)   Constr. rmsd
    3.11319e+02   -2.10590e+02   -1.52155e+02    4.11551e-06

           Step           Time
          11500       23.00000

   Energies (kJ/mol)
           Bond          Angle    Proper Dih. Per. Imp. Dih.          LJ-14
    3.61391e+03    9.78937e+03    1.23836e+04    6.23299e+02    4.58907e+03
     Coulomb-14        LJ (SR)  Disper. corr.   Coulomb (SR)   Coul. recip.
    5.09783e+04    1.29948e+05   -8.87110e+03   -1.23771e+06    7.78580e+03
 Position Rest.      Potential    Kinetic En.   Total Energy  Conserved En.
    1.15015e+03   -1.02572e+06    1.78876e+05   -8.46840e+05   -1.02016e+06
    Temperature Pres. DC (bar) Pressure (bar)   Constr. rmsd
    3.08724e+02   -2.10590e+02   -2.82189e+02    3.59577e-06

           Step           Time
          12000       24.00000

   Energies (kJ/mol)
           Bond          Angle    Proper Dih. Per. Imp. Dih.          LJ-14
    3.73300e+03    9.61260e+03    1.22946e+04    5.83684e+02    4.55475e+03
     Coulomb-14        LJ (SR)  Disper. corr.   Coulomb (SR)   Coul. recip.
    5.11580e+04    1.29244e+05   -8.87110e+03   -1.23696e+06    7.76123e+03
 Position Rest.      Potential    Kinetic En.   Total Energy  Conserved En.
    1.18050e+03   -1.02571e+06    1.78863e+05   -8.46846e+05   -1.02015e+06
    Temperature Pres. DC (bar) Pressure (bar)   Constr. rmsd
    3.08701e+02   -2.10590e+02   -3.84849e+02    3.71806e-06

           Step           Time
          12500       25.00000

   Energies (kJ/mol)
           Bond          Angle    Proper Dih. Per. Imp. Dih.          LJ-14
    3.55226e+03    9.78264e+03    1.22725e+04    5.95816e+02    4.65595e+03
     Coulomb-14        LJ (SR)  Disper. corr.   Coulomb (SR)   Coul. recip.
    5.11875e+04    1.28438e+05   -8.87110e+03   -1.23568e+06    8.04177e+03
 Position Rest.      Potential    Kinetic En.   Total Energy  Conserved En.
    1.16222e+03   -1.02486e+06    1.79201e+05   -8.45658e+05   -1.02015e+06
    Temperature Pres. DC (bar) Pressure (bar)   Constr. rmsd
    3.09284e+02   -2.10590e+02    6.13494e+01    3.98445e-06

           Step           Time
          13000       26.00000

   Energies (kJ/mol)
           Bond          Angle    Proper Dih. Per. Imp. Dih.          LJ-14
    3.63629e+03    1.00147e+04    1.22730e+04    5.93794e+02    4.62592e+03
     Coulomb-14        LJ (SR)  Disper. corr.   Coulomb (SR)   Coul. recip.
    5.10709e+04    1.27963e+05   -8.87110e+03   -1.23450e+06    7.82411e+03
 Position Rest.      Potential    Kinetic En.   Total Energy  Conserved En.
    1.15063e+03   -1.02422e+06    1.80238e+05   -8.43984e+05   -1.02016e+06
    Temperature Pres. DC (bar) Pressure (bar)   Constr. rmsd
    3.11073e+02   -2.10590e+02   -4.50531e+02    3.56378e-06

           Step           Time
          13500       27.00000

   Energies (kJ/mol)
           Bond          Angle    Proper Dih. Per. Imp. Dih.          LJ-14
    3.61687e+03    9.61100e+03    1.21849e+04    5.52122e+02    4.62283e+03
     Coulomb-14        LJ (SR)  Disper. corr.   Coulomb (SR)   Coul. recip.
    5.12918e+04    1.29123e+05   -8.87110e+03   -1.23713e+06    7.75033e+03
 Position Rest.      Potential    Kinetic En.   Total Energy  Conserved En.
    1.18137e+03   -1.02607e+06    1.79272e+05   -8.46795e+05   -1.02016e+06
    Temperature Pres. DC (bar) Pressure (bar)   Constr. rmsd
    3.09406e+02   -2.10590e+02   -1.10489e+02    3.83524e-06

           Step           Time
          14000       28.00000

   Energies (kJ/mol)
           Bond          Angle    Proper Dih. Per. Imp. Dih.          LJ-14
    3.70907e+03    9.64919e+03    1.21924e+04    5.82836e+02    4.63855e+03
     Coulomb-14        LJ (SR)  Disper. corr.   Coulomb (SR)   Coul. recip.
    5.12445e+04    1.30349e+05   -8.87110e+03   -1.23825e+06    7.81437e+03
 Position Rest.      Potential    Kinetic En.   Total Energy  Conserved En.
    1.16097e+03   -1.02578e+06    1.80180e+05   -8.45602e+05   -1.02014e+06
    Temperature Pres. DC (bar) Pressure (bar)   Constr. rmsd
    3.10973e+02   -2.10590e+02   -2.17936e+02    3.71521e-06

           Step           Time
          14500       29.00000

   Energies (kJ/mol)
           Bond          Angle    Proper Dih. Per. Imp. Dih.          LJ-14
    3.55339e+03    9.91078e+03    1.22456e+04    5.69151e+02    4.60840e+03
     Coulomb-14        LJ (SR)  Disper. corr.   Coulomb (SR)   Coul. recip.
    5.10880e+04    1.28121e+05   -8.87110e+03   -1.23529e+06    7.77358e+03
 Position Rest.      Potential    Kinetic En.   Total Energy  Conserved En.
    1.11257e+03   -1.02518e+06    1.80730e+05   -8.44449e+05   -1.02016e+06
    Temperature Pres. DC (bar) Pressure (bar)   Constr. rmsd
    3.11923e+02   -2.10590e+02   -4.32824e+02    3.83328e-06

           Step           Time
          15000       30.00000

   Energies (kJ/mol)
           Bond          Angle    Proper Dih. Per. Imp. Dih.          LJ-14
    3.85333e+03    9.51497e+03    1.21788e+04    5.97596e+02    4.62955e+03
     Coulomb-14        LJ (SR)  Disper. corr.   Coulomb (SR)   Coul. recip.
    5.12401e+04    1.29801e+05   -8.87110e+03   -1.23749e+06    7.78319e+03
 Position Rest.      Potential    Kinetic En.   Total Energy  Conserved En.
    1.13243e+03   -1.02563e+06    1.79972e+05   -8.45662e+05   -1.02013e+06
    Temperature Pres. DC (bar) Pressure (bar)   Constr. rmsd
    3.10616e+02   -2.10590e+02   -2.21184e+02    3.60519e-06

           Step           Time
          15500       31.00000

   Energies (kJ/mol)
           Bond          Angle    Proper Dih. Per. Imp. Dih.          LJ-14
    3.76404e+03    9.77869e+03    1.22378e+04    5.83178e+02    4.67433e+03
     Coulomb-14        LJ (SR)  Disper. corr.   Coulomb (SR)   Coul. recip.
    5.11407e+04    1.28289e+05   -8.87110e+03   -1.23464e+06    8.01002e+03
 Position Rest.      Potential    Kinetic En.   Total Energy  Conserved En.
    1.06335e+03   -1.02397e+06    1.79454e+05   -8.44520e+05   -1.02012e+06
    Temperature Pres. DC (bar) Pressure (bar)   Constr. rmsd
    3.09720e+02   -2.10590e+02   -3.08874e+02    3.73470e-06

           Step           Time
          16000       32.00000

   Energies (kJ/mol)
           Bond          Angle    Proper Dih. Per. Imp. Dih.          LJ-14
    3.79099e+03    9.91416e+03    1.23163e+04    6.54922e+02    4.69547e+03
     Coulomb-14        LJ (SR)  Disper. corr.   Coulomb (SR)   Coul. recip.
    5.10674e+04    1.29904e+05   -8.87110e+03   -1.23686e+06    8.04695e+03
 Position Rest.      Potential    Kinetic En.   Total Energy  Conserved En.
    1.17103e+03   -1.02417e+06    1.80874e+05   -8.43298e+05   -1.02009e+06
    Temperature Pres. DC (bar) Pressure (bar)   Constr. rmsd
    3.12171e+02   -2.10590e+02   -1.43788e+02    3.83874e-06

           Step           Time
          16500       33.00000

   Energies (kJ/mol)
           Bond          Angle    Proper Dih. Per. Imp. Dih.          LJ-14
    3.62354e+03    9.66623e+03    1.23581e+04    6.38549e+02    4.66425e+03
     Coulomb-14        LJ (SR)  Disper. corr.   Coulomb (SR)   Coul. recip.
    5.13995e+04    1.29375e+05   -8.87110e+03   -1.23638e+06    7.92557e+03
 Position Rest.      Potential    Kinetic En.   Total Energy  Conserved En.
    1.17004e+03   -1.02443e+06    1.80070e+05   -8.44355e+05   -1.02011e+06
    Temperature Pres. DC (bar) Pressure (bar)   Constr. rmsd
    3.10785e+02   -2.10590e+02   -3.41271e+02    3.73874e-06

           Step           Time
          17000       34.00000

   Energies (kJ/mol)
           Bond          Angle    Proper Dih. Per. Imp. Dih.          LJ-14
    3.72158e+03    9.72054e+03    1.22412e+04    6.34489e+02    4.68828e+03
     Coulomb-14        LJ (SR)  Disper. corr.   Coulomb (SR)   Coul. recip.
    5.09293e+04    1.29803e+05   -8.87110e+03   -1.23829e+06    7.72445e+03
 Position Rest.      Potential    Kinetic En.   Total Energy  Conserved En.
    1.13831e+03   -1.02656e+06    1.79322e+05   -8.47241e+05   -1.02011e+06
    Temperature Pres. DC (bar) Pressure (bar)   Constr. rmsd
    3.09492e+02   -2.10590e+02   -2.00504e+02    3.59260e-06

           Step           Time
          17500       35.00000

   Energies (kJ/mol)
           Bond          Angle    Proper Dih. Per. Imp. Dih.          LJ-14
    3.50824e+03    9.91433e+03    1.21717e+04    5.63073e+02    4.62604e+03
     Coulomb-14        LJ (SR)  Disper. corr.   Coulomb (SR)   Coul. recip.
    5.11935e+04    1.29256e+05   -8.87110e+03   -1.23816e+06    7.87049e+03
 Position Rest.      Potential    Kinetic En.   Total Energy  Conserved En.
    1.14083e+03   -1.02679e+06    1.79554e+05   -8.47231e+05   -1.02012e+06
    Temperature Pres. DC (bar) Pressure (bar)   Constr. rmsd
    3.09894e+02   -2.10590e+02   -3.32388e+02    3.73119e-06

           Step           Time
          18000       36.00000

   Energies (kJ/mol)
           Bond          Angle    Proper Dih. Per. Imp. Dih.          LJ-14
    3.86558e+03    9.51737e+03    1.22112e+04    5.79242e+02    4.68848e+03
     Coulomb-14        LJ (SR)  Disper. corr.   Coulomb (SR)   Coul. recip.
    5.11895e+04    1.28907e+05   -8.87110e+03   -1.23756e+06    7.75521e+03
 Position Rest.      Potential    Kinetic En.   Total Energy  Conserved En.
    1.13579e+03   -1.02659e+06    1.77718e+05   -8.48868e+05   -1.02005e+06
    Temperature Pres. DC (bar) Pressure (bar)   Constr. rmsd
    3.06725e+02   -2.10590e+02   -1.62839e+02    3.46155e-06

           Step           Time
          18500       37.00000

   Energies (kJ/mol)
           Bond          Angle    Proper Dih. Per. Imp. Dih.          LJ-14
    3.75938e+03    9.82058e+03    1.22120e+04    6.57129e+02    4.65865e+03
     Coulomb-14        LJ (SR)  Disper. corr.   Coulomb (SR)   Coul. recip.
    5.10656e+04    1.28006e+05   -8.87110e+03   -1.23457e+06    7.97681e+03
 Position Rest.      Potential    Kinetic En.   Total Energy  Conserved En.
    1.14216e+03   -1.02415e+06    1.79768e+05   -8.44377e+05   -1.02008e+06
    Temperature Pres. DC (bar) Pressure (bar)   Constr. rmsd
    3.10263e+02   -2.10590e+02   -4.17749e+02    3.62298e-06

           Step           Time
          19000       38.00000

   Energies (kJ/mol)
           Bond          Angle    Proper Dih. Per. Imp. Dih.          LJ-14
    3.55341e+03    9.69384e+03    1.21810e+04    6.06960e+02    4.66521e+03
     Coulomb-14        LJ (SR)  Disper. corr.   Coulomb (SR)   Coul. recip.
    5.11327e+04    1.29934e+05   -8.87110e+03   -1.23935e+06    7.83926e+03
 Position Rest.      Potential    Kinetic En.   Total Energy  Conserved En.
    1.16026e+03   -1.02745e+06    1.78287e+05   -8.49163e+05   -1.02007e+06
    Temperature Pres. DC (bar) Pressure (bar)   Constr. rmsd
    3.07707e+02   -2.10590e+02   -1.61784e+02    3.59189e-06

           Step           Time
          19500       39.00000

   Energies (kJ/mol)
           Bond          Angle    Proper Dih. Per. Imp. Dih.          LJ-14
    3.71113e+03    9.59819e+03    1.20841e+04    6.37889e+02    4.75261e+03
     Coulomb-14        LJ (SR)  Disper. corr.   Coulomb (SR)   Coul. recip.
    5.11346e+04    1.28189e+05   -8.87110e+03   -1.23498e+06    7.84024e+03
 Position Rest.      Potential    Kinetic En.   Total Energy  Conserved En.
    1.13523e+03   -1.02476e+06    1.79982e+05   -8.44781e+05   -1.02006e+06
    Temperature Pres. DC (bar) Pressure (bar)   Constr. rmsd
    3.10632e+02   -2.10590e+02   -1.88017e+01    3.87396e-06

           Step           Time
          20000       40.00000

   Energies (kJ/mol)
           Bond          Angle    Proper Dih. Per. Imp. Dih.          LJ-14
    3.57059e+03    9.82988e+03    1.21414e+04    6.06559e+02    4.65952e+03
     Coulomb-14        LJ (SR)  Disper. corr.   Coulomb (SR)   Coul. recip.
    5.11238e+04    1.29293e+05   -8.87110e+03   -1.23845e+06    7.66444e+03
 Position Rest.      Potential    Kinetic En.   Total Energy  Conserved En.
    1.15932e+03   -1.02727e+06    1.79776e+05   -8.47494e+05   -1.02006e+06
    Temperature Pres. DC (bar) Pressure (bar)   Constr. rmsd
    3.10276e+02   -2.10590e+02   -3.52747e+02    3.58592e-06

           Step           Time
          20500       41.00000

   Energies (kJ/mol)
           Bond          Angle    Proper Dih. Per. Imp. Dih.          LJ-14
    3.69564e+03    9.60871e+03    1.22570e+04    5.74304e+02    4.60368e+03
     Coulomb-14        LJ (SR)  Disper. corr.   Coulomb (SR)   Coul. recip.
    5.11179e+04    1.27862e+05   -8.87110e+03   -1.23620e+06    7.91052e+03
 Position Rest.      Potential    Kinetic En.   Total Energy  Conserved En.
    1.18752e+03   -1.02625e+06    1.80295e+05   -8.45954e+05   -1.02007e+06
    Temperature Pres. DC (bar) Pressure (bar)   Constr. rmsd
    3.11173e+02   -2.10590e+02   -5.63134e+02    3.66857e-06

           Step           Time
          21000       42.00000

   Energies (kJ/mol)
           Bond          Angle    Proper Dih. Per. Imp. Dih.          LJ-14
    3.69396e+03    9.55572e+03    1.22032e+04    6.09162e+02    4.58988e+03
     Coulomb-14        LJ (SR)  Disper. corr.   Coulomb (SR)   Coul. recip.
    5.11941e+04    1.28584e+05   -8.87110e+03   -1.23736e+06    7.69458e+03
 Position Rest.      Potential    Kinetic En.   Total Energy  Conserved En.
    1.06768e+03   -1.02704e+06    1.79234e+05   -8.47804e+05   -1.02006e+06
    Temperature Pres. DC (bar) Pressure (bar)   Constr. rmsd
    3.09342e+02   -2.10590e+02   -2.08288e+02    3.57753e-06

           Step           Time
          21500       43.00000

   Energies (kJ/mol)
           Bond          Angle    Proper Dih. Per. Imp. Dih.          LJ-14
    3.61484e+03    9.87011e+03    1.21687e+04    6.03462e+02    4.66568e+03
     Coulomb-14        LJ (SR)  Disper. corr.   Coulomb (SR)   Coul. recip.
    5.11629e+04    1.28653e+05   -8.87110e+03   -1.23648e+06    8.05684e+03
 Position Rest.      Potential    Kinetic En.   Total Energy  Conserved En.
    1.14103e+03   -1.02542e+06    1.79029e+05   -8.46387e+05   -1.02003e+06
    Temperature Pres. DC (bar) Pressure (bar)   Constr. rmsd
    3.08987e+02   -2.10590e+02    1.76268e+02    3.62626e-06

           Step           Time
          22000       44.00000

   Energies (kJ/mol)
           Bond          Angle    Proper Dih. Per. Imp. Dih.          LJ-14
    3.63678e+03    9.60386e+03    1.22308e+04    6.38914e+02    4.74400e+03
     Coulomb-14        LJ (SR)  Disper. corr.   Coulomb (SR)   Coul. recip.
    5.13051e+04    1.29705e+05   -8.87110e+03   -1.23878e+06    7.83088e+03
 Position Rest.      Potential    Kinetic En.   Total Energy  Conserved En.
    1.13301e+03   -1.02683e+06    1.79994e+05   -8.46832e+05   -1.02004e+06
    Temperature Pres. DC (bar) Pressure (bar)   Constr. rmsd
    3.10652e+02   -2.10590e+02    2.03204e+02    3.68280e-06

           Step           Time
          22500       45.00000

   Energies (kJ/mol)
           Bond          Angle    Proper Dih. Per. Imp. Dih.          LJ-14
    3.50517e+03    9.85248e+03    1.22183e+04    6.00936e+02    4.64617e+03
     Coulomb-14        LJ (SR)  Disper. corr.   Coulomb (SR)   Coul. recip.
    5.12633e+04    1.27755e+05   -8.87110e+03   -1.23726e+06    7.77794e+03
 Position Rest.      Potential    Kinetic En.   Total Energy  Conserved En.
    1.16168e+03   -1.02735e+06    1.80382e+05   -8.46966e+05   -1.02004e+06
    Temperature Pres. DC (bar) Pressure (bar)   Constr. rmsd
    3.11322e+02   -2.10590e+02   -2.52100e+02    3.59710e-06

           Step           Time
          23000       46.00000

   Energies (kJ/mol)
           Bond          Angle    Proper Dih. Per. Imp. Dih.          LJ-14
    3.56349e+03    9.75699e+03    1.23284e+04    6.42672e+02    4.62850e+03
     Coulomb-14        LJ (SR)  Disper. corr.   Coulomb (SR)   Coul. recip.
    5.10418e+04    1.29498e+05   -8.87110e+03   -1.23502e+06    7.80800e+03
 Position Rest.      Potential    Kinetic En.   Total Energy  Conserved En.
    1.14071e+03   -1.02348e+06    1.79935e+05   -8.43546e+05   -1.02003e+06
    Temperature Pres. DC (bar) Pressure (bar)   Constr. rmsd
    3.10550e+02   -2.10590e+02   -2.68536e+02    3.49106e-06

           Step           Time
          23500       47.00000

   Energies (kJ/mol)
           Bond          Angle    Proper Dih. Per. Imp. Dih.          LJ-14
    3.72308e+03    9.77839e+03    1.21846e+04    6.33166e+02    4.65456e+03
     Coulomb-14        LJ (SR)  Disper. corr.   Coulomb (SR)   Coul. recip.
    5.13356e+04    1.30715e+05   -8.87110e+03   -1.23845e+06    7.82236e+03
 Position Rest.      Potential    Kinetic En.   Total Energy  Conserved En.
    1.04229e+03   -1.02544e+06    1.80161e+05   -8.45275e+05   -1.02000e+06
    Temperature Pres. DC (bar) Pressure (bar)   Constr. rmsd
    3.10941e+02   -2.10590e+02    2.04440e+01    3.80637e-06

           Step           Time
          24000       48.00000

   Energies (kJ/mol)
           Bond          Angle    Proper Dih. Per. Imp. Dih.          LJ-14
    3.71844e+03    1.00592e+04    1.22413e+04    6.15786e+02    4.57228e+03
     Coulomb-14        LJ (SR)  Disper. corr.   Coulomb (SR)   Coul. recip.
    5.07699e+04    1.29552e+05   -8.87110e+03   -1.23728e+06    7.73897e+03
 Position Rest.      Potential    Kinetic En.   Total Energy  Conserved En.
    1.08113e+03   -1.02581e+06    1.79519e+05   -8.46287e+05   -1.01996e+06
    Temperature Pres. DC (bar) Pressure (bar)   Constr. rmsd
    3.09832e+02   -2.10590e+02    1.99150e+01    3.54124e-06

           Step           Time
          24500       49.00000

   Energies (kJ/mol)
           Bond          Angle    Proper Dih. Per. Imp. Dih.          LJ-14
    3.60830e+03    9.50814e+03    1.21923e+04    5.77768e+02    4.74953e+03
     Coulomb-14        LJ (SR)  Disper. corr.   Coulomb (SR)   Coul. recip.
    5.13793e+04    1.29451e+05   -8.87110e+03   -1.23708e+06    7.75070e+03
 Position Rest.      Potential    Kinetic En.   Total Energy  Conserved En.
    1.15925e+03   -1.02558e+06    1.78426e+05   -8.47152e+05   -1.01999e+06
    Temperature Pres. DC (bar) Pressure (bar)   Constr. rmsd
    3.07946e+02   -2.10590e+02   -4.31467e+02    3.86562e-06

           Step           Time
          25000       50.00000

   Energies (kJ/mol)
           Bond          Angle    Proper Dih. Per. Imp. Dih.          LJ-14
    3.72737e+03    9.52715e+03    1.21883e+04    6.24190e+02    4.75353e+03
     Coulomb-14        LJ (SR)  Disper. corr.   Coulomb (SR)   Coul. recip.
    5.13111e+04    1.27977e+05   -8.87110e+03   -1.23678e+06    7.72096e+03
 Position Rest.      Potential    Kinetic En.   Total Energy  Conserved En.
    1.07849e+03   -1.02675e+06    1.80046e+05   -8.46700e+05   -1.01999e+06
    Temperature Pres. DC (bar) Pressure (bar)   Constr. rmsd
    3.10743e+02   -2.10590e+02   -9.14650e+01    3.60670e-06

           Step           Time
          25500       51.00000

   Energies (kJ/mol)
           Bond          Angle    Proper Dih. Per. Imp. Dih.          LJ-14
    3.64744e+03    9.88837e+03    1.23114e+04    5.84818e+02    4.68740e+03
     Coulomb-14        LJ (SR)  Disper. corr.   Coulomb (SR)   Coul. recip.
    5.10563e+04    1.27830e+05   -8.87110e+03   -1.23629e+06    7.81072e+03
 Position Rest.      Potential    Kinetic En.   Total Energy  Conserved En.
    1.17931e+03   -1.02617e+06    1.79067e+05   -8.47102e+05   -1.01998e+06
    Temperature Pres. DC (bar) Pressure (bar)   Constr. rmsd
    3.09053e+02   -2.10590e+02   -8.24254e+01    3.71064e-06

           Step           Time
          26000       52.00000

   Energies (kJ/mol)
           Bond          Angle    Proper Dih. Per. Imp. Dih.          LJ-14
    3.66799e+03    9.60027e+03    1.23218e+04    6.31974e+02    4.66852e+03
     Coulomb-14        LJ (SR)  Disper. corr.   Coulomb (SR)   Coul. recip.
    5.14065e+04    1.30699e+05   -8.87110e+03   -1.23923e+06    7.87832e+03
 Position Rest.      Potential    Kinetic En.   Total Energy  Conserved En.
    1.14212e+03   -1.02608e+06    1.80058e+05   -8.46024e+05   -1.01998e+06
    Temperature Pres. DC (bar) Pressure (bar)   Constr. rmsd
    3.10764e+02   -2.10590e+02   -2.25718e+02    3.69090e-06

           Step           Time
          26500       53.00000

   Energies (kJ/mol)
           Bond          Angle    Proper Dih. Per. Imp. Dih.          LJ-14
    3.49087e+03    9.69649e+03    1.20164e+04    6.07928e+02    4.68524e+03
     Coulomb-14        LJ (SR)  Disper. corr.   Coulomb (SR)   Coul. recip.
    5.10470e+04    1.28813e+05   -8.87110e+03   -1.23711e+06    7.80678e+03
 Position Rest.      Potential    Kinetic En.   Total Energy  Conserved En.
    1.12482e+03   -1.02670e+06    1.77499e+05   -8.49197e+05   -1.01996e+06
    Temperature Pres. DC (bar) Pressure (bar)   Constr. rmsd
    3.06347e+02   -2.10590e+02   -4.23600e+02    3.50846e-06

           Step           Time
          27000       54.00000

   Energies (kJ/mol)
           Bond          Angle    Proper Dih. Per. Imp. Dih.          LJ-14
    3.61884e+03    9.63425e+03    1.22785e+04    6.06242e+02    4.66286e+03
     Coulomb-14        LJ (SR)  Disper. corr.   Coulomb (SR)   Coul. recip.
    5.12739e+04    1.29712e+05   -8.87110e+03   -1.23763e+06    7.70067e+03
 Position Rest.      Potential    Kinetic En.   Total Energy  Conserved En.
    1.15090e+03   -1.02586e+06    1.79106e+05   -8.46755e+05   -1.01997e+06
    Temperature Pres. DC (bar) Pressure (bar)   Constr. rmsd
    3.09120e+02   -2.10590e+02   -4.46001e+02    3.57815e-06

           Step           Time
          27500       55.00000

   Energies (kJ/mol)
           Bond          Angle    Proper Dih. Per. Imp. Dih.          LJ-14
    3.71017e+03    9.43101e+03    1.21367e+04    5.31242e+02    4.66083e+03
     Coulomb-14        LJ (SR)  Disper. corr.   Coulomb (SR)   Coul. recip.
    5.12939e+04    1.30720e+05   -8.87110e+03   -1.23911e+06    7.79618e+03
 Position Rest.      Potential    Kinetic En.   Total Energy  Conserved En.
    1.13397e+03   -1.02656e+06    1.78541e+05   -8.48021e+05   -1.01995e+06
    Temperature Pres. DC (bar) Pressure (bar)   Constr. rmsd
    3.08146e+02   -2.10590e+02    6.87955e+01    3.57933e-06

           Step           Time
          28000       56.00000

   Energies (kJ/mol)
           Bond          Angle    Proper Dih. Per. Imp. Dih.          LJ-14
    3.73834e+03    9.59738e+03    1.21977e+04    6.11895e+02    4.69837e+03
     Coulomb-14        LJ (SR)  Disper. corr.   Coulomb (SR)   Coul. recip.
    5.12439e+04    1.30473e+05   -8.87110e+03   -1.23954e+06    7.76744e+03
 Position Rest.      Potential    Kinetic En.   Total Energy  Conserved En.
    1.18801e+03   -1.02690e+06    1.80721e+05   -8.46176e+05   -1.01997e+06
    Temperature Pres. DC (bar) Pressure (bar)   Constr. rmsd
    3.11907e+02   -2.10590e+02   -3.82340e+02    3.39636e-06

           Step           Time
          28500       57.00000

   Energies (kJ/mol)
           Bond          Angle    Proper Dih. Per. Imp. Dih.          LJ-14
    3.64910e+03    9.92272e+03    1.21170e+04    6.37025e+02    4.66740e+03
     Coulomb-14        LJ (SR)  Disper. corr.   Coulomb (SR)   Coul. recip.
    5.11900e+04    1.28733e+05   -8.87110e+03   -1.23668e+06    7.95389e+03
 Position Rest.      Potential    Kinetic En.   Total Energy  Conserved En.
    1.11517e+03   -1.02556e+06    1.79816e+05   -8.45748e+05   -1.01996e+06
    Temperature Pres. DC (bar) Pressure (bar)   Constr. rmsd
    3.10346e+02   -2.10590e+02   -4.25097e+02    3.69166e-06

           Step           Time
          29000       58.00000

   Energies (kJ/mol)
           Bond          Angle    Proper Dih. Per. Imp. Dih.          LJ-14
    3.79406e+03    9.65755e+03    1.23101e+04    6.66642e+02    4.72017e+03
     Coulomb-14        LJ (SR)  Disper. corr.   Coulomb (SR)   Coul. recip.
    5.14940e+04    1.30174e+05   -8.87110e+03   -1.23845e+06    7.68329e+03
 Position Rest.      Potential    Kinetic En.   Total Energy  Conserved En.
    1.19995e+03   -1.02562e+06    1.81633e+05   -8.43992e+05   -1.01995e+06
    Temperature Pres. DC (bar) Pressure (bar)   Constr. rmsd
    3.13481e+02   -2.10590e+02   -2.12720e+02    3.63463e-06

           Step           Time
          29500       59.00000

   Energies (kJ/mol)
           Bond          Angle    Proper Dih. Per. Imp. Dih.          LJ-14
    3.53999e+03    9.57699e+03    1.22439e+04    5.66278e+02    4.60540e+03
     Coulomb-14        LJ (SR)  Disper. corr.   Coulomb (SR)   Coul. recip.
    5.14532e+04    1.28648e+05   -8.87110e+03   -1.23652e+06    7.85732e+03
 Position Rest.      Potential    Kinetic En.   Total Energy  Conserved En.
    1.16976e+03   -1.02573e+06    1.80434e+05   -8.45297e+05   -1.01994e+06
    Temperature Pres. DC (bar) Pressure (bar)   Constr. rmsd
    3.11412e+02   -2.10590e+02   -1.46426e+02    3.67625e-06

           Step           Time
          30000       60.00000

   Energies (kJ/mol)
           Bond          Angle    Proper Dih. Per. Imp. Dih.          LJ-14
    3.54693e+03    9.51487e+03    1.21185e+04    6.26318e+02    4.68974e+03
     Coulomb-14        LJ (SR)  Disper. corr.   Coulomb (SR)   Coul. recip.
    5.10162e+04    1.28570e+05   -8.87110e+03   -1.23607e+06    7.84167e+03
 Position Rest.      Potential    Kinetic En.   Total Energy  Conserved En.
    1.11222e+03   -1.02590e+06    1.78060e+05   -8.47840e+05   -1.01996e+06
    Temperature Pres. DC (bar) Pressure (bar)   Constr. rmsd
    3.07316e+02   -2.10590e+02    2.11116e+02    3.48950e-06

           Step           Time
          30500       61.00000

   Energies (kJ/mol)
           Bond          Angle    Proper Dih. Per. Imp. Dih.          LJ-14
    3.52983e+03    9.47718e+03    1.22269e+04    5.80566e+02    4.66142e+03
     Coulomb-14        LJ (SR)  Disper. corr.   Coulomb (SR)   Coul. recip.
    5.09766e+04    1.28333e+05   -8.87110e+03   -1.23615e+06    7.77296e+03
 Position Rest.      Potential    Kinetic En.   Total Energy  Conserved En.
    1.16468e+03   -1.02630e+06    1.78959e+05   -8.47337e+05   -1.01993e+06
    Temperature Pres. DC (bar) Pressure (bar)   Constr. rmsd
    3.08866e+02   -2.10590e+02   -5.33290e+02    3.78279e-06

           Step           Time
          31000       62.00000

   Energies (kJ/mol)
           Bond          Angle    Proper Dih. Per. Imp. Dih.          LJ-14
    3.81382e+03    9.92680e+03    1.23044e+04    6.43104e+02    4.57632e+03
     Coulomb-14        LJ (SR)  Disper. corr.   Coulomb (SR)   Coul. recip.
    5.10808e+04    1.28899e+05   -8.87110e+03   -1.23714e+06    8.04055e+03
 Position Rest.      Potential    Kinetic En.   Total Energy  Conserved En.
    1.05720e+03   -1.02567e+06    1.80138e+05   -8.45530e+05   -1.01988e+06
    Temperature Pres. DC (bar) Pressure (bar)   Constr. rmsd
    3.10901e+02   -2.10590e+02   -6.43720e+02    3.54509e-06

           Step           Time
          31500       63.00000

   Energies (kJ/mol)
           Bond          Angle    Proper Dih. Per. Imp. Dih.          LJ-14
    3.76785e+03    9.65353e+03    1.22306e+04    5.62048e+02    4.59037e+03
     Coulomb-14        LJ (SR)  Disper. corr.   Coulomb (SR)   Coul. recip.
    5.08900e+04    1.27493e+05   -8.87110e+03   -1.23409e+06    7.82342e+03
 Position Rest.      Potential    Kinetic En.   Total Energy  Conserved En.
    1.16282e+03   -1.02479e+06    1.79986e+05   -8.44805e+05   -1.01992e+06
    Temperature Pres. DC (bar) Pressure (bar)   Constr. rmsd
    3.10639e+02   -2.10590e+02   -3.30678e+02    3.82264e-06

           Step           Time
          32000       64.00000

   Energies (kJ/mol)
           Bond          Angle    Proper Dih. Per. Imp. Dih.          LJ-14
    3.66468e+03    9.81679e+03    1.22302e+04    6.14656e+02    4.74464e+03
     Coulomb-14        LJ (SR)  Disper. corr.   Coulomb (SR)   Coul. recip.
    5.11158e+04    1.29761e+05   -8.87110e+03   -1.23697e+06    7.79274e+03
 Position Rest.      Potential    Kinetic En.   Total Energy  Conserved En.
    1.21835e+03   -1.02488e+06    1.78357e+05   -8.46520e+05   -1.01988e+06
    Temperature Pres. DC (bar) Pressure (bar)   Constr. rmsd
    3.07828e+02   -2.10590e+02    2.82628e+02    3.59436e-06

           Step           Time
          32500       65.00000

   Energies (kJ/mol)
           Bond          Angle    Proper Dih. Per. Imp. Dih.          LJ-14
    3.54300e+03    9.66094e+03    1.20886e+04    5.70123e+02    4.65643e+03
     Coulomb-14        LJ (SR)  Disper. corr.   Coulomb (SR)   Coul. recip.
    5.11237e+04    1.30293e+05   -8.87110e+03   -1.23731e+06    7.87264e+03
 Position Rest.      Potential    Kinetic En.   Total Energy  Conserved En.
    1.18700e+03   -1.02519e+06    1.79083e+05   -8.46105e+05   -1.01990e+06
    Temperature Pres. DC (bar) Pressure (bar)   Constr. rmsd
    3.09080e+02   -2.10590e+02    5.28394e+01    3.68206e-06

           Step           Time
          33000       66.00000

   Energies (kJ/mol)
           Bond          Angle    Proper Dih. Per. Imp. Dih.          LJ-14
    3.75651e+03    9.62386e+03    1.21560e+04    5.77563e+02    4.66714e+03
     Coulomb-14        LJ (SR)  Disper. corr.   Coulomb (SR)   Coul. recip.
    5.10819e+04    1.29226e+05   -8.87110e+03   -1.23544e+06    7.74221e+03
 Position Rest.      Potential    Kinetic En.   Total Energy  Conserved En.
    1.14144e+03   -1.02434e+06    1.80849e+05   -8.43488e+05   -1.01992e+06
    Temperature Pres. DC (bar) Pressure (bar)   Constr. rmsd
    3.12129e+02   -2.10590e+02   -3.86266e+02    3.92999e-06

           Step           Time
          33500       67.00000

   Energies (kJ/mol)
           Bond          Angle    Proper Dih. Per. Imp. Dih.          LJ-14
    3.60446e+03    9.62982e+03    1.23551e+04    6.38679e+02    4.62460e+03
     Coulomb-14        LJ (SR)  Disper. corr.   Coulomb (SR)   Coul. recip.
    5.10118e+04    1.29915e+05   -8.87110e+03   -1.23764e+06    7.75631e+03
 Position Rest.      Potential    Kinetic En.   Total Energy  Conserved En.
    1.10531e+03   -1.02587e+06    1.79354e+05   -8.46512e+05   -1.01988e+06
    Temperature Pres. DC (bar) Pressure (bar)   Constr. rmsd
    3.09548e+02   -2.10590e+02   -3.64729e+02    4.25117e-06

           Step           Time
          34000       68.00000

   Energies (kJ/mol)
           Bond          Angle    Proper Dih. Per. Imp. Dih.          LJ-14
    3.66424e+03    9.96773e+03    1.21475e+04    6.01832e+02    4.59400e+03
     Coulomb-14        LJ (SR)  Disper. corr.   Coulomb (SR)   Coul. recip.
    5.11413e+04    1.28105e+05   -8.87110e+03   -1.23513e+06    7.74077e+03
 Position Rest.      Potential    Kinetic En.   Total Energy  Conserved En.
    1.13855e+03   -1.02490e+06    1.80104e+05   -8.44793e+05   -1.01988e+06
    Temperature Pres. DC (bar) Pressure (bar)   Constr. rmsd
    3.10843e+02   -2.10590e+02    5.29104e+01    3.56394e-06

           Step           Time
          34500       69.00000

   Energies (kJ/mol)
           Bond          Angle    Proper Dih. Per. Imp. Dih.          LJ-14
    3.69435e+03    9.61232e+03    1.22028e+04    6.50037e+02    4.54323e+03
     Coulomb-14        LJ (SR)  Disper. corr.   Coulomb (SR)   Coul. recip.
    5.10521e+04    1.29969e+05   -8.87110e+03   -1.23745e+06    7.79306e+03
 Position Rest.      Potential    Kinetic En.   Total Energy  Conserved En.
    1.08733e+03   -1.02572e+06    1.78181e+05   -8.47536e+05   -1.01986e+06
    Temperature Pres. DC (bar) Pressure (bar)   Constr. rmsd
    3.07523e+02   -2.10590e+02   -5.02698e+02    3.58613e-06

           Step           Time
          35000       70.00000

   Energies (kJ/mol)
           Bond          Angle    Proper Dih. Per. Imp. Dih.          LJ-14
    3.62938e+03    9.84035e+03    1.20875e+04    6.24225e+02    4.66923e+03
     Coulomb-14        LJ (SR)  Disper. corr.   Coulomb (SR)   Coul. recip.
    5.12453e+04    1.29613e+05   -8.87110e+03   -1.23729e+06    7.97279e+03
 Position Rest.      Potential    Kinetic En.   Total Energy  Conserved En.
    1.16472e+03   -1.02531e+06    1.80390e+05   -8.44922e+05   -1.01983e+06
    Temperature Pres. DC (bar) Pressure (bar)   Constr. rmsd
    3.11336e+02   -2.10590e+02   -6.73152e+01    3.67335e-06

           Step           Time
          35500       71.00000

   Energies (kJ/mol)
           Bond          Angle    Proper Dih. Per. Imp. Dih.          LJ-14
    3.59420e+03    9.92538e+03    1.20948e+04    5.72971e+02    4.54535e+03
     Coulomb-14        LJ (SR)  Disper. corr.   Coulomb (SR)   Coul. recip.
    5.09491e+04    1.27718e+05   -8.87110e+03   -1.23344e+06    7.86962e+03
 Position Rest.      Potential    Kinetic En.   Total Energy  Conserved En.
    1.10164e+03   -1.02394e+06    1.78550e+05   -8.45395e+05   -1.01985e+06
    Temperature Pres. DC (bar) Pressure (bar)   Constr. rmsd
    3.08160e+02   -2.10590e+02   -2.18986e+01    3.89045e-06

           Step           Time
          36000       72.00000

   Energies (kJ/mol)
           Bond          Angle    Proper Dih. Per. Imp. Dih.          LJ-14
    3.74048e+03    9.55995e+03    1.22391e+04    6.04003e+02    4.64990e+03
     Coulomb-14        LJ (SR)  Disper. corr.   Coulomb (SR)   Coul. recip.
    5.10493e+04    1.28554e+05   -8.87110e+03   -1.23698e+06    7.74091e+03
 Position Rest.      Potential    Kinetic En.   Total Energy  Conserved En.
    1.14830e+03   -1.02656e+06    1.79356e+05   -8.47206e+05   -1.01987e+06
    Temperature Pres. DC (bar) Pressure (bar)   Constr. rmsd
    3.09552e+02   -2.10590e+02   -4.04497e+02    3.57691e-06

           Step           Time
          36500       73.00000

   Energies (kJ/mol)
           Bond          Angle    Proper Dih. Per. Imp. Dih.          LJ-14
    3.68987e+03    9.53822e+03    1.21849e+04    6.04793e+02    4.62983e+03
     Coulomb-14        LJ (SR)  Disper. corr.   Coulomb (SR)   Coul. recip.
    5.13971e+04    1.29211e+05   -8.87110e+03   -1.23682e+06    7.68413e+03
 Position Rest.      Potential    Kinetic En.   Total Energy  Conserved En.
    1.11650e+03   -1.02564e+06    1.79520e+05   -8.46118e+05   -1.01986e+06
    Temperature Pres. DC (bar) Pressure (bar)   Constr. rmsd
    3.09834e+02   -2.10590e+02   -3.85737e+01    3.63930e-06

           Step           Time
          37000       74.00000

   Energies (kJ/mol)
           Bond          Angle    Proper Dih. Per. Imp. Dih.          LJ-14
    3.92931e+03    9.47664e+03    1.23136e+04    6.35662e+02    4.54514e+03
     Coulomb-14        LJ (SR)  Disper. corr.   Coulomb (SR)   Coul. recip.
    5.11091e+04    1.29089e+05   -8.87110e+03   -1.23492e+06    7.64849e+03
 Position Rest.      Potential    Kinetic En.   Total Energy  Conserved En.
    1.22221e+03   -1.02382e+06    1.80951e+05   -8.42873e+05   -1.01986e+06
    Temperature Pres. DC (bar) Pressure (bar)   Constr. rmsd
    3.12305e+02   -2.10590e+02   -3.90565e+02    3.90047e-06

           Step           Time
          37500       75.00000

   Energies (kJ/mol)
           Bond          Angle    Proper Dih. Per. Imp. Dih.          LJ-14
    3.82040e+03    1.00050e+04    1.20637e+04    5.73840e+02    4.74232e+03
     Coulomb-14        LJ (SR)  Disper. corr.   Coulomb (SR)   Coul. recip.
    5.10351e+04    1.28585e+05   -8.87110e+03   -1.23593e+06    7.93843e+03
 Position Rest.      Potential    Kinetic En.   Total Energy  Conserved En.
    1.08359e+03   -1.02495e+06    1.81241e+05   -8.43714e+05   -1.01981e+06
    Temperature Pres. DC (bar) Pressure (bar)   Constr. rmsd
    3.12804e+02   -2.10590e+02   -3.62830e+02    3.70976e-06

           Step           Time
          38000       76.00000

   Energies (kJ/mol)
           Bond          Angle    Proper Dih. Per. Imp. Dih.          LJ-14
    3.66245e+03    9.39569e+03    1.21877e+04    5.89794e+02    4.63594e+03
     Coulomb-14        LJ (SR)  Disper. corr.   Coulomb (SR)   Coul. recip.
    5.12534e+04    1.29268e+05   -8.87110e+03   -1.23739e+06    7.73510e+03
 Position Rest.      Potential    Kinetic En.   Total Energy  Conserved En.
    1.12549e+03   -1.02641e+06    1.79384e+05   -8.47026e+05   -1.01985e+06
    Temperature Pres. DC (bar) Pressure (bar)   Constr. rmsd
    3.09601e+02   -2.10590e+02   -3.20818e+02    3.76875e-06

           Step           Time
          38500       77.00000

   Energies (kJ/mol)
           Bond          Angle    Proper Dih. Per. Imp. Dih.          LJ-14
    3.61621e+03    9.84375e+03    1.22456e+04    5.91574e+02    4.65962e+03
     Coulomb-14        LJ (SR)  Disper. corr.   Coulomb (SR)   Coul. recip.
    5.11426e+04    1.31354e+05   -8.87110e+03   -1.23945e+06    7.82424e+03
 Position Rest.      Potential    Kinetic En.   Total Energy  Conserved En.
    1.19634e+03   -1.02584e+06    1.80237e+05   -8.45608e+05   -1.01984e+06
    Temperature Pres. DC (bar) Pressure (bar)   Constr. rmsd
    3.11072e+02   -2.10590e+02   -7.64579e+00    3.69745e-06

           Step           Time
          39000       78.00000

   Energies (kJ/mol)
           Bond          Angle    Proper Dih. Per. Imp. Dih.          LJ-14
    3.75800e+03    9.96230e+03    1.22213e+04    6.05475e+02    4.61645e+03
     Coulomb-14        LJ (SR)  Disper. corr.   Coulomb (SR)   Coul. recip.
    5.12376e+04    1.28609e+05   -8.87110e+03   -1.23488e+06    7.75606e+03
 Position Rest.      Potential    Kinetic En.   Total Energy  Conserved En.
    1.17880e+03   -1.02380e+06    1.82073e+05   -8.41730e+05   -1.01982e+06
    Temperature Pres. DC (bar) Pressure (bar)   Constr. rmsd
    3.14241e+02   -2.10590e+02   -6.75136e+02    3.70380e-06

           Step           Time
          39500       79.00000

   Energies (kJ/mol)
           Bond          Angle    Proper Dih. Per. Imp. Dih.          LJ-14
    3.68364e+03    9.93356e+03    1.22236e+04    6.38796e+02    4.65750e+03
     Coulomb-14        LJ (SR)  Disper. corr.   Coulomb (SR)   Coul. recip.
    5.11414e+04    1.28600e+05   -8.87110e+03   -1.23656e+06    7.80564e+03
 Position Rest.      Potential    Kinetic En.   Total Energy  Conserved En.
    1.15539e+03   -1.02559e+06    1.79657e+05   -8.45934e+05   -1.01979e+06
    Temperature Pres. DC (bar) Pressure (bar)   Constr. rmsd
    3.10071e+02   -2.10590e+02   -4.80456e+02    3.64529e-06

           Step           Time
          40000       80.00000

   Energies (kJ/mol)
           Bond          Angle    Proper Dih. Per. Imp. Dih.          LJ-14
    3.72784e+03    1.00562e+04    1.22585e+04    6.09935e+02    4.57664e+03
     Coulomb-14        LJ (SR)  Disper. corr.   Coulomb (SR)   Coul. recip.
    5.11763e+04    1.29560e+05   -8.87110e+03   -1.23638e+06    7.82176e+03
 Position Rest.      Potential    Kinetic En.   Total Energy  Conserved En.
    1.15094e+03   -1.02431e+06    1.80283e+05   -8.44030e+05   -1.01977e+06
    Temperature Pres. DC (bar) Pressure (bar)   Constr. rmsd
    3.11151e+02   -2.10590e+02   -1.85073e+02    3.97175e-06

           Step           Time
          40500       81.00000

   Energies (kJ/mol)
           Bond          Angle    Proper Dih. Per. Imp. Dih.          LJ-14
    3.70521e+03    9.94570e+03    1.20671e+04    6.18741e+02    4.67543e+03
     Coulomb-14        LJ (SR)  Disper. corr.   Coulomb (SR)   Coul. recip.
    5.11307e+04    1.29498e+05   -8.87110e+03   -1.23801e+06    7.78786e+03
 Position Rest.      Potential    Kinetic En.   Total Energy  Conserved En.
    1.12675e+03   -1.02633e+06    1.80239e+05   -8.46090e+05   -1.01977e+06
    Temperature Pres. DC (bar) Pressure (bar)   Constr. rmsd
    3.11076e+02   -2.10590e+02   -2.08319e+02    3.79509e-06

           Step           Time
          41000       82.00000

   Energies (kJ/mol)
           Bond          Angle    Proper Dih. Per. Imp. Dih.          LJ-14
    3.60488e+03    9.81538e+03    1.22608e+04    5.99669e+02    4.63265e+03
     Coulomb-14        LJ (SR)  Disper. corr.   Coulomb (SR)   Coul. recip.
    5.11003e+04    1.28280e+05   -8.87110e+03   -1.23630e+06    7.67559e+03
 Position Rest.      Potential    Kinetic En.   Total Energy  Conserved En.
    1.18265e+03   -1.02602e+06    1.78602e+05   -8.47414e+05   -1.01978e+06
    Temperature Pres. DC (bar) Pressure (bar)   Constr. rmsd
    3.08251e+02   -2.10590e+02    3.71592e+01    3.73858e-06

           Step           Time
          41500       83.00000

   Energies (kJ/mol)
           Bond          Angle    Proper Dih. Per. Imp. Dih.          LJ-14
    3.60078e+03    9.63612e+03    1.22192e+04    6.26806e+02    4.65907e+03
     Coulomb-14        LJ (SR)  Disper. corr.   Coulomb (SR)   Coul. recip.
    5.11769e+04    1.29021e+05   -8.87110e+03   -1.23646e+06    7.73407e+03
 Position Rest.      Potential    Kinetic En.   Total Energy  Conserved En.
    1.16473e+03   -1.02550e+06    1.80470e+05   -8.45025e+05   -1.01981e+06
    Temperature Pres. DC (bar) Pressure (bar)   Constr. rmsd
    3.11475e+02   -2.10590e+02   -1.53830e+02    3.87399e-06

           Step           Time
          42000       84.00000

   Energies (kJ/mol)
           Bond          Angle    Proper Dih. Per. Imp. Dih.          LJ-14
    3.59401e+03    9.86162e+03    1.22310e+04    5.81637e+02    4.67677e+03
     Coulomb-14        LJ (SR)  Disper. corr.   Coulomb (SR)   Coul. recip.
    5.08860e+04    1.29226e+05   -8.87110e+03   -1.23684e+06    7.73574e+03
 Position Rest.      Potential    Kinetic En.   Total Energy  Conserved En.
    1.22225e+03   -1.02570e+06    1.78657e+05   -8.47043e+05   -1.01975e+06
    Temperature Pres. DC (bar) Pressure (bar)   Constr. rmsd
    3.08346e+02   -2.10590e+02   -2.08407e+02    3.60090e-06

           Step           Time
          42500       85.00000

   Energies (kJ/mol)
           Bond          Angle    Proper Dih. Per. Imp. Dih.          LJ-14
    3.55611e+03    9.74965e+03    1.21158e+04    5.87813e+02    4.66950e+03
     Coulomb-14        LJ (SR)  Disper. corr.   Coulomb (SR)   Coul. recip.
    5.11208e+04    1.28796e+05   -8.87110e+03   -1.23625e+06    7.75765e+03
 Position Rest.      Potential    Kinetic En.   Total Energy  Conserved En.
    1.14749e+03   -1.02562e+06    1.77257e+05   -8.48365e+05   -1.01973e+06
    Temperature Pres. DC (bar) Pressure (bar)   Constr. rmsd
    3.05929e+02   -2.10590e+02   -1.74247e+02    3.67673e-06

           Step           Time
          43000       86.00000

   Energies (kJ/mol)
           Bond          Angle    Proper Dih. Per. Imp. Dih.          LJ-14
    3.58790e+03    9.66789e+03    1.22405e+04    6.20264e+02    4.68885e+03
     Coulomb-14        LJ (SR)  Disper. corr.   Coulomb (SR)   Coul. recip.
    5.10392e+04    1.30282e+05   -8.87110e+03   -1.23757e+06    7.69673e+03
 Position Rest.      Potential    Kinetic En.   Total Energy  Conserved En.
    1.18800e+03   -1.02543e+06    1.80741e+05   -8.44692e+05   -1.01976e+06
    Temperature Pres. DC (bar) Pressure (bar)   Constr. rmsd
    3.11941e+02   -2.10590e+02   -2.37199e+02    3.62202e-06

           Step           Time
          43500       87.00000

   Energies (kJ/mol)
           Bond          Angle    Proper Dih. Per. Imp. Dih.          LJ-14
    3.83838e+03    9.58185e+03    1.22102e+04    6.06503e+02    4.65723e+03
     Coulomb-14        LJ (SR)  Disper. corr.   Coulomb (SR)   Coul. recip.
    5.08918e+04    1.30043e+05   -8.87110e+03   -1.23917e+06    7.67836e+03
 Position Rest.      Potential    Kinetic En.   Total Energy  Conserved En.
    1.21397e+03   -1.02732e+06    1.80611e+05   -8.46705e+05   -1.01975e+06
    Temperature Pres. DC (bar) Pressure (bar)   Constr. rmsd
    3.11717e+02   -2.10590e+02   -3.96379e+02    3.62940e-06

           Step           Time
          44000       88.00000

   Energies (kJ/mol)
           Bond          Angle    Proper Dih. Per. Imp. Dih.          LJ-14
    3.51169e+03    9.76945e+03    1.22254e+04    6.16894e+02    4.60485e+03
     Coulomb-14        LJ (SR)  Disper. corr.   Coulomb (SR)   Coul. recip.
    5.12605e+04    1.28240e+05   -8.87110e+03   -1.23746e+06    7.71963e+03
 Position Rest.      Potential    Kinetic En.   Total Energy  Conserved En.
    1.19747e+03   -1.02719e+06    1.79329e+05   -8.47861e+05   -1.01974e+06
    Temperature Pres. DC (bar) Pressure (bar)   Constr. rmsd
    3.09504e+02   -2.10590e+02   -3.58417e+02    3.67295e-06

           Step           Time
          44500       89.00000

   Energies (kJ/mol)
           Bond          Angle    Proper Dih. Per. Imp. Dih.          LJ-14
    3.54969e+03    9.72524e+03    1.22356e+04    6.48057e+02    4.70548e+03
     Coulomb-14        LJ (SR)  Disper. corr.   Coulomb (SR)   Coul. recip.
    5.12100e+04    1.29851e+05   -8.87110e+03   -1.23670e+06    7.82559e+03
 Position Rest.      Potential    Kinetic En.   Total Energy  Conserved En.
    1.20369e+03   -1.02462e+06    1.79252e+05   -8.45369e+05   -1.01977e+06
    Temperature Pres. DC (bar) Pressure (bar)   Constr. rmsd
    3.09372e+02   -2.10590e+02   -2.66708e+02    3.73271e-06

           Step           Time
          45000       90.00000

   Energies (kJ/mol)
           Bond          Angle    Proper Dih. Per. Imp. Dih.          LJ-14
    3.73670e+03    9.54802e+03    1.21888e+04    5.65574e+02    4.66460e+03
     Coulomb-14        LJ (SR)  Disper. corr.   Coulomb (SR)   Coul. recip.
    5.12562e+04    1.29532e+05   -8.87110e+03   -1.23622e+06    8.01556e+03
 Position Rest.      Potential    Kinetic En.   Total Energy  Conserved En.
    1.18564e+03   -1.02439e+06    1.78795e+05   -8.45597e+05   -1.01973e+06
    Temperature Pres. DC (bar) Pressure (bar)   Constr. rmsd
    3.08584e+02   -2.10590e+02   -2.40181e+02    3.70826e-06

           Step           Time
          45500       91.00000

   Energies (kJ/mol)
           Bond          Angle    Proper Dih. Per. Imp. Dih.          LJ-14
    3.50817e+03    9.73342e+03    1.23374e+04    6.01581e+02    4.63480e+03
     Coulomb-14        LJ (SR)  Disper. corr.   Coulomb (SR)   Coul. recip.
    5.11097e+04    1.29023e+05   -8.87110e+03   -1.23715e+06    7.74192e+03
 Position Rest.      Potential    Kinetic En.   Total Energy  Conserved En.
    1.13816e+03   -1.02619e+06    1.78651e+05   -8.47542e+05   -1.01972e+06
    Temperature Pres. DC (bar) Pressure (bar)   Constr. rmsd
    3.08336e+02   -2.10590e+02   -2.73213e+02    3.55841e-06

           Step           Time
          46000       92.00000

   Energies (kJ/mol)
           Bond          Angle    Proper Dih. Per. Imp. Dih.          LJ-14
    3.67267e+03    9.67795e+03    1.20879e+04    5.91712e+02    4.71044e+03
     Coulomb-14        LJ (SR)  Disper. corr.   Coulomb (SR)   Coul. recip.
    5.09294e+04    1.28424e+05   -8.87110e+03   -1.23540e+06    7.64473e+03
 Position Rest.      Potential    Kinetic En.   Total Energy  Conserved En.
    1.20027e+03   -1.02533e+06    1.79976e+05   -8.45358e+05   -1.01973e+06
    Temperature Pres. DC (bar) Pressure (bar)   Constr. rmsd
    3.10621e+02   -2.10590e+02   -5.22993e+02    3.87483e-06

           Step           Time
          46500       93.00000

   Energies (kJ/mol)
           Bond          Angle    Proper Dih. Per. Imp. Dih.          LJ-14
    3.72924e+03    1.00365e+04    1.21914e+04    6.05005e+02    4.66859e+03
     Coulomb-14        LJ (SR)  Disper. corr.   Coulomb (SR)   Coul. recip.
    5.10984e+04    1.28305e+05   -8.87110e+03   -1.23636e+06    7.66581e+03
 Position Rest.      Potential    Kinetic En.   Total Energy  Conserved En.
    1.15490e+03   -1.02578e+06    1.81294e+05   -8.44486e+05   -1.01972e+06
    Temperature Pres. DC (bar) Pressure (bar)   Constr. rmsd
    3.12896e+02   -2.10590e+02   -4.33014e+02    3.57835e-06

           Step           Time
          47000       94.00000

   Energies (kJ/mol)
           Bond          Angle    Proper Dih. Per. Imp. Dih.          LJ-14
    3.75949e+03    9.94400e+03    1.22299e+04    6.11751e+02    4.55838e+03
     Coulomb-14        LJ (SR)  Disper. corr.   Coulomb (SR)   Coul. recip.
    5.10117e+04    1.29837e+05   -8.87110e+03   -1.23823e+06    7.71708e+03
 Position Rest.      Potential    Kinetic En.   Total Energy  Conserved En.
    1.19707e+03   -1.02623e+06    1.79460e+05   -8.46774e+05   -1.01972e+06
    Temperature Pres. DC (bar) Pressure (bar)   Constr. rmsd
    3.09731e+02   -2.10590e+02   -2.70184e+02    3.64553e-06

           Step           Time
          47500       95.00000

   Energies (kJ/mol)
           Bond          Angle    Proper Dih. Per. Imp. Dih.          LJ-14
    3.59616e+03    9.55374e+03    1.21530e+04    5.72947e+02    4.59083e+03
     Coulomb-14        LJ (SR)  Disper. corr.   Coulomb (SR)   Coul. recip.
    5.10541e+04    1.29929e+05   -8.87110e+03   -1.23805e+06    7.74533e+03
 Position Rest.      Potential    Kinetic En.   Total Energy  Conserved En.
    1.15421e+03   -1.02657e+06    1.79666e+05   -8.46908e+05   -1.01971e+06
    Temperature Pres. DC (bar) Pressure (bar)   Constr. rmsd
    3.10087e+02   -2.10590e+02   -8.97247e+01    3.63935e-06

           Step           Time
          48000       96.00000

   Energies (kJ/mol)
           Bond          Angle    Proper Dih. Per. Imp. Dih.          LJ-14
    3.66182e+03    9.67287e+03    1.23176e+04    6.40096e+02    4.72231e+03
     Coulomb-14        LJ (SR)  Disper. corr.   Coulomb (SR)   Coul. recip.
    5.12170e+04    1.30608e+05   -8.87110e+03   -1.23804e+06    7.81531e+03
 Position Rest.      Potential    Kinetic En.   Total Energy  Conserved En.
    1.20266e+03   -1.02505e+06    1.79295e+05   -8.45754e+05   -1.01966e+06
    Temperature Pres. DC (bar) Pressure (bar)   Constr. rmsd
    3.09446e+02   -2.10590e+02   -1.79076e+02    3.51784e-06

           Step           Time
          48500       97.00000

   Energies (kJ/mol)
           Bond          Angle    Proper Dih. Per. Imp. Dih.          LJ-14
    3.71077e+03    1.00120e+04    1.21611e+04    5.74279e+02    4.58108e+03
     Coulomb-14        LJ (SR)  Disper. corr.   Coulomb (SR)   Coul. recip.
    5.12322e+04    1.28646e+05   -8.87110e+03   -1.23574e+06    7.82892e+03
 Position Rest.      Potential    Kinetic En.   Total Energy  Conserved En.
    1.11209e+03   -1.02475e+06    1.80043e+05   -8.44706e+05   -1.01968e+06
    Temperature Pres. DC (bar) Pressure (bar)   Constr. rmsd
    3.10737e+02   -2.10590e+02   -2.36782e+02    3.65181e-06

           Step           Time
          49000       98.00000

   Energies (kJ/mol)
           Bond          Angle    Proper Dih. Per. Imp. Dih.          LJ-14
    3.79579e+03    9.59929e+03    1.21829e+04    5.68413e+02    4.65378e+03
     Coulomb-14        LJ (SR)  Disper. corr.   Coulomb (SR)   Coul. recip.
    5.10665e+04    1.29820e+05   -8.87110e+03   -1.23834e+06    7.71395e+03
 Position Rest.      Potential    Kinetic En.   Total Energy  Conserved En.
    1.12979e+03   -1.02668e+06    1.80000e+05   -8.46676e+05   -1.01968e+06
    Temperature Pres. DC (bar) Pressure (bar)   Constr. rmsd
    3.10663e+02   -2.10590e+02   -8.98350e+01    3.83890e-06

           Step           Time
          49500       99.00000

   Energies (kJ/mol)
           Bond          Angle    Proper Dih. Per. Imp. Dih.          LJ-14
    3.65467e+03    9.70754e+03    1.21860e+04    6.61131e+02    4.70047e+03
     Coulomb-14        LJ (SR)  Disper. corr.   Coulomb (SR)   Coul. recip.
    5.13813e+04    1.30621e+05   -8.87110e+03   -1.23813e+06    8.04250e+03
 Position Rest.      Potential    Kinetic En.   Total Energy  Conserved En.
    1.09760e+03   -1.02495e+06    1.78887e+05   -8.46064e+05   -1.01966e+06
    Temperature Pres. DC (bar) Pressure (bar)   Constr. rmsd
    3.08741e+02   -2.10590e+02    1.50424e+02    3.57567e-06

           Step           Time
          50000      100.00000

Writing checkpoint, step 50000 at Mon Aug 31 17:32:39 2026


   Energies (kJ/mol)
           Bond          Angle    Proper Dih. Per. Imp. Dih.          LJ-14
    3.54792e+03    9.48122e+03    1.22980e+04    6.08586e+02    4.66442e+03
     Coulomb-14        LJ (SR)  Disper. corr.   Coulomb (SR)   Coul. recip.
    5.09591e+04    1.28648e+05   -8.87110e+03   -1.23538e+06    7.76421e+03
 Position Rest.      Potential    Kinetic En.   Total Energy  Conserved En.
    1.06146e+03   -1.02522e+06    1.79743e+05   -8.45480e+05   -1.01971e+06
    Temperature Pres. DC (bar) Pressure (bar)   Constr. rmsd
    3.10220e+02   -2.10590e+02   -3.32808e+02    4.04135e-06


Energy conservation over simulation part #1 of length 100 ps, time 0 to 100 ps
  Conserved energy drift: 3.32e-04 kJ/mol/ps per atom


	<======  ###############  ==>
	<====  A V E R A G E S  ====>
	<==  ###############  ======>

	Statistics over 50001 steps using 501 frames

   Energies (kJ/mol)
           Bond          Angle    Proper Dih. Per. Imp. Dih.          LJ-14
    3.64298e+03    9.71340e+03    1.22299e+04    6.02286e+02    4.65397e+03
     Coulomb-14        LJ (SR)  Disper. corr.   Coulomb (SR)   Coul. recip.
    5.11543e+04    1.29637e+05   -8.87110e+03   -1.23774e+06    7.81855e+03
 Position Rest.      Potential    Kinetic En.   Total Energy  Conserved En.
    1.15845e+03   -1.02601e+06    1.79510e+05   -8.46495e+05   -1.02000e+06
    Temperature Pres. DC (bar) Pressure (bar)   Constr. rmsd
    3.09818e+02   -2.10590e+02   -1.87104e+02    0.00000e+00

   Total Virial (kJ/mol)
    6.37239e+04   -1.55110e+02    1.46192e+02
   -1.53633e+02    6.37842e+04    5.19675e+02
    1.46777e+02    5.19483e+02    6.38394e+04

   Pressure (bar)
   -1.85922e+02    6.79573e+00   -7.69871e+00
    6.72568e+00   -1.86085e+02   -2.42246e+01
   -7.72646e+00   -2.42155e+01   -1.89304e+02

      T-Protein  T-non-Protein
    3.10022e+02    3.09799e+02


	M E G A - F L O P S   A C C O U N T I N G

 NB=Group-cutoff nonbonded kernels    NxN=N-by-N cluster Verlet kernels
 RF=Reaction-Field  VdW=Van der Waals  QSTab=quadratic-spline table
 W3=SPC/TIP3p  W4=TIP4p (single or pairs)
 V&F=Potential and force  V=Potential only  F=Force only

 Computing:                               M-Number         M-Flops  % Flops
-----------------------------------------------------------------------------
 Pair Search distance check           29269.711132      263427.400     0.4
 NxN QSTab Elec. + LJ [F]            871997.185408    35751884.602    51.9
 NxN QSTab Elec. + LJ [V&F]            8825.016264      520675.960     0.8
 NxN QSTab Elec. [F]                 745343.803184    25341689.308    36.8
 NxN QSTab Elec. [V&F]                 7543.319832      309276.113     0.4
 1,4 nonbonded interactions             613.312266       55198.104     0.1
 Calc Weights                         10243.854873      368778.775     0.5
 Spread Q Bspline                    218535.570624      437071.141     0.6
 Gather F Bspline                    218535.570624     1311213.424     1.9
 3D-FFT                              471868.637184     3774949.097     5.5
 Solve PME                              204.804096       13107.462     0.0
 Reset In Box                            85.432041         256.296     0.0
 CG-CoM                                  85.500332         256.501     0.0
 Bonds                                  121.052421        7142.093     0.0
 Angles                                 426.108522       71586.232     0.1
 Propers                                665.613312      152425.448     0.2
 Impropers                               48.400968       10067.401     0.0
 Pos. Restr.                            118.402368        5920.118     0.0
 Virial                                  34.236336         616.254     0.0
 Stop-CM                                 34.282082         342.821     0.0
 Calc-Ekin                              683.046582       18442.258     0.0
 Lincs                                  115.706942        6942.417     0.0
 Lincs-Mat                              600.036000        2400.144     0.0
 Constraint-V                          3390.685622       30516.171     0.0
 Constraint-Vir                          32.813997         787.536     0.0
 Settle                                1053.113183      389651.878     0.6
-----------------------------------------------------------------------------
 Total                                                68844624.954   100.0
-----------------------------------------------------------------------------


    D O M A I N   D E C O M P O S I T I O N   S T A T I S T I C S

 av. #atoms communicated per step for force:  2 x 0.0


      R E A L   C Y C L E   A N D   T I M E   A C C O U N T I N G

On 1 MPI rank, each using 4 OpenMP threads

 Activity:              Num   Num      Call    Wall time         Giga-Cycles
                        Ranks Threads  Count      (s)         total sum    %
--------------------------------------------------------------------------------
 Domain decomp.            1    4       1251       6.794         65.224   0.8
 Neighbor search           1    4       1251      29.963        287.647   3.7
 Force                     1    4      50001     651.847       6257.718  79.8
 PME mesh                  1    4      50001     103.379        992.435  12.6
 NB X/F buffer ops.        1    4      98751       8.626         82.809   1.1
 Write traj.               1    4        101       1.048         10.057   0.1
 Update                    1    4      50001       4.279         41.083   0.5
 Constraints               1    4      50003      10.305         98.929   1.3
 Rest                                              1.022          9.810   0.1
--------------------------------------------------------------------------------
 Total                                           817.263       7845.713 100.0
--------------------------------------------------------------------------------
 Breakdown of PME mesh activities
--------------------------------------------------------------------------------
 PME spread                1    4      50001      34.697        333.087   4.2
 PME gather                1    4      50001      39.295        377.231   4.8
 PME 3D-FFT                1    4     100002      26.341        252.876   3.2
 PME solve Elec            1    4      50001       2.876         27.610   0.4
--------------------------------------------------------------------------------

               Core t (s)   Wall t (s)        (%)
       Time:     3269.053      817.263      400.0
                 (ns/day)    (hour/ns)
Performance:       10.572        2.270
Finished mdrun on rank 0 Mon Aug 31 17:32:39 2026

